# Badlands Wiki Ingest cycle durations (run_start,run_end,duration_sec,duration_hhmmss,article)
run_start,run_end,duration_sec,duration_hhmmss,article
2026-08-03 09:16:29,2026-08-03 09:38:52,1343,00:22:23,badlands-brief-0fb.md
2026-08-03 09:38:52,2026-08-03 10:00:19,1287,00:21:27,badlands-brief-143.md
2026-08-03 10:00:19,2026-08-03 10:27:44,1645,00:27:25,badlands-brief-144.md
2026-08-03 10:27:44,2026-08-03 10:50:31,1367,00:22:47,badlands-brief-165.md
2026-08-03 10:50:31,2026-08-03 11:18:43,1692,00:28:12,badlands-brief-169.md
2026-08-03 11:18:43,2026-08-03 11:43:37,1495,00:24:55,FAILED
2026-08-03 11:43:37,2026-08-03 12:10:26,1609,00:26:49,badlands-brief-195.md
2026-08-03 12:10:26,2026-08-03 12:31:45,1279,00:21:19,badlands-brief-174.md
2026-08-03 12:31:45,2026-08-03 12:59:46,1681,00:28:01,badlands-brief-1ae.md
2026-08-03 12:59:46,2026-08-03 13:30:46,1860,00:31:00,badlands-brief-1c6.md
2026-08-03 13:30:46,2026-08-03 13:57:15,1589,00:26:29,badlands-brief-1cd.md
2026-08-03 13:57:15,2026-08-03 14:23:02,1548,00:25:48,badlands-brief-1ce.md
2026-08-03 14:23:02,2026-08-03 14:52:07,1744,00:29:04,badlands-brief-1ef.md
2026-08-03 14:52:07,2026-08-03 15:17:41,1534,00:25:34,badlands-brief-245.md
2026-08-03 15:17:41,2026-08-03 15:41:02,1401,00:23:21,badlands-brief-257.md
2026-08-03 15:41:02,2026-08-03 16:08:02,1620,00:27:00,badlands-brief-25c.md
2026-08-03 16:08:02,2026-08-03 16:34:09,1566,00:26:06,badlands-brief-282.md
2026-08-03 16:34:09,2026-08-03 16:50:19,970,00:16:10,FAILED
2026-08-03 16:50:19,2026-08-03 17:11:49,1291,00:21:31,badlands-brief-2b2.md
2026-08-03 17:11:49,2026-08-03 17:34:59,1390,00:23:10,FAILED
2026-08-03 17:34:59,2026-08-03 17:58:34,1415,00:23:35,badlands-brief-2c0.md
2026-08-03 17:58:34,2026-08-03 18:15:40,1025,00:17:05,FAILED
2026-08-03 18:15:40,2026-08-03 18:40:40,1500,00:25:00,badlands-brief-2c5.md
2026-08-03 18:40:40,2026-08-03 19:01:02,1222,00:20:22,badlands-brief-285.md
2026-08-03 19:01:02,2026-08-03 19:27:46,1604,00:26:44,badlands-brief-311.md
2026-08-03 19:27:46,2026-08-03 19:54:45,1619,00:26:59,badlands-brief-314.md
2026-08-03 19:54:45,2026-08-03 20:12:22,1058,00:17:38,FAILED
2026-08-03 20:12:22,2026-08-03 20:47:19,2096,00:34:56,FAILED
2026-08-03 20:47:19,2026-08-03 21:04:40,1042,00:17:22,FAILED
2026-08-03 21:04:40,2026-08-03 21:25:40,1260,00:21:00,badlands-brief-3d4.md
2026-08-03 21:25:40,2026-08-03 21:43:29,1068,00:17:48,FAILED
2026-08-03 21:43:29,2026-08-03 22:10:37,1628,00:27:08,badlands-brief-405.md
2026-08-03 22:10:37,2026-08-03 22:27:44,1027,00:17:07,FAILED
2026-08-03 22:27:44,2026-08-03 22:52:45,1501,00:25:01,badlands-brief-40d.md
2026-08-03 22:52:45,2026-08-03 23:10:29,1063,00:17:43,FAILED
2026-08-03 23:10:29,2026-08-03 23:35:30,1501,00:25:01,FAILED
2026-08-03 23:35:30,2026-08-03 23:53:07,1057,00:17:37,FAILED
2026-08-03 23:53:07,2026-08-04 00:11:09,1082,00:18:02,badlands-brief-414.md
2026-08-04 00:11:09,2026-08-04 00:28:40,1051,00:17:31,FAILED
2026-08-04 00:28:40,2026-08-04 00:53:20,1480,00:24:40,badlands-brief-4ec.md
2026-08-04 00:53:20,2026-08-04 01:20:18,1618,00:26:58,badlands-brief-323.md
2026-08-04 01:20:18,2026-08-04 01:49:47,1769,00:29:29,badlands-brief-509.md
2026-08-04 01:49:47,2026-08-04 02:12:14,1347,00:22:27,badlands-brief-50d.md
2026-08-04 02:12:14,2026-08-04 02:40:00,1666,00:27:46,badlands-brief-52b.md
2026-08-04 02:40:00,2026-08-04 03:08:17,1697,00:28:17,badlands-brief-52f.md
2026-08-04 03:08:17,2026-08-04 03:32:58,1481,00:24:41,badlands-brief-559.md
2026-08-04 03:32:58,2026-08-04 03:55:46,1369,00:22:49,FAILED
2026-08-04 03:55:46,2026-08-04 04:17:48,1322,00:22:02,badlands-brief-579.md
2026-08-04 04:17:48,2026-08-04 04:35:22,1054,00:17:34,FAILED
2026-08-04 04:35:22,2026-08-04 05:00:27,1505,00:25:05,badlands-brief-58d.md
2026-08-04 05:00:27,2026-08-04 05:19:21,1134,00:18:54,FAILED
2026-08-04 05:19:21,2026-08-04 06:51:07,5506,01:31:46,FAILED
2026-08-04 06:51:07,2026-08-04 07:17:24,1577,00:26:17,FAILED
2026-08-04 07:17:24,2026-08-04 07:42:54,1530,00:25:30,FAILED
2026-08-04 07:42:54,2026-08-04 08:07:55,1501,00:25:01,FAILED
2026-08-04 08:07:55,2026-08-04 08:39:01,1866,00:31:06,badlands-brief-577.md
2026-08-04 08:39:01,2026-08-04 09:07:43,1722,00:28:42,FAILED
2026-08-04 09:07:43,2026-08-04 09:38:56,1873,00:31:13,FAILED
2026-08-04 09:38:56,2026-08-04 10:31:59,3183,00:53:03,badlands-brief-5a2
2026-08-04 10:31:59,2026-08-04 11:08:27,2189,00:36:29,badlands-brief-5ba
2026-08-04 11:08:27,2026-08-04 11:37:27,1740,00:29:00,badlands-brief-5dc
2026-08-04 11:37:27,2026-08-04 12:06:09,1722,00:28:42,
2026-08-04 12:06:09,2026-08-04 12:33:22,1632,00:27:12,
2026-08-04 12:33:22,2026-08-04 12:56:24,1382,00:23:02,
2026-08-04 12:56:24,2026-08-04 13:18:00,1296,00:21:36,
2026-08-04 13:18:00,2026-08-04 13:42:40,1479,00:24:39,
2026-08-04 13:42:40,2026-08-04 14:05:20,1360,00:22:40,FAILED
2026-08-04 14:05:20,2026-08-04 16:01:19,6959,01:55:59,
2026-08-04 16:01:19,2026-08-04 17:09:33,4095,01:08:15,
2026-08-04 17:09:33,2026-08-04 18:14:40,3907,01:05:07,
2026-08-04 18:14:40,2026-08-04 19:23:42,4142,01:09:02,
2026-08-04 19:23:42,2026-08-04 20:51:15,5253,01:27:33,FAILED
2026-08-04 20:51:15,2026-08-04 21:30:55,2381,00:39:41,
2026-08-04 21:30:55,2026-08-04 22:05:31,2075,00:34:35,
2026-08-04 22:05:31,2026-08-04 22:43:37,2286,00:38:06,
2026-08-04 22:43:37,2026-08-04 23:16:02,1945,00:32:25,FAILED
2026-08-04 23:16:02,2026-08-04 23:52:42,2200,00:36:40,
2026-08-04 23:52:42,2026-08-05 00:29:23,2201,00:36:41,FAILED
2026-08-05 00:29:23,2026-08-05 01:01:35,1932,00:32:12,FAILED
2026-08-05 01:01:35,2026-08-05 01:33:10,1895,00:31:35,FAILED
2026-08-05 01:33:10,2026-08-05 02:10:31,2241,00:37:21,FAILED
2026-08-05 02:10:31,2026-08-05 02:43:25,1975,00:32:55,FAILED
2026-08-05 02:43:25,2026-08-05 03:18:29,2104,00:35:04,
2026-08-05 03:18:29,2026-08-05 03:52:25,2035,00:33:55,FAILED
2026-08-05 03:52:25,2026-08-05 04:28:33,2169,00:36:09,
2026-08-05 04:28:33,2026-08-05 05:04:29,2156,00:35:56,
2026-08-05 05:04:29,2026-08-05 05:39:18,2089,00:34:49,
2026-08-05 05:39:18,2026-08-05 06:17:43,2305,00:38:25,
