[09:00:46] worker1: claimed 1913.md
[09:00:47] worker0: claimed 5gw-counter-offensive-the-censorship.md
[09:00:47] worker2: claimed a-bright-red-line.md
[09:00:49] worker3: claimed a-cancer-on-modern-journalism.md
[09:00:49] worker4: claimed a-communist-plot-to-take-over-america.md
[09:00:49] worker7: claimed a-conflict-of-interest.md
[09:00:51] worker11: claimed a-dereliction-of-duty.md
[09:00:51] worker9: claimed a-family-affair.md
[09:00:52] worker6: claimed a-gateway-to-a-new-world-of-cooperation.md
[09:00:52] worker10: claimed a-glaring-double-standard.md
[09:00:52] worker5: claimed a-hypnotists-take-on-israel-palestine.md
[09:00:53] worker8: claimed a-journey-of-ever-changing-truths.md
[09:01:13] STATUS: done=0 failed=0 finished=0/12
[09:01:43] STATUS: done=0 failed=0 finished=0/12
[09:02:13] STATUS: done=0 failed=0 finished=0/12
[09:02:43] STATUS: done=0 failed=0 finished=0/12
[09:03:13] STATUS: done=0 failed=0 finished=0/12
[09:03:43] STATUS: done=0 failed=0 finished=0/12
[09:04:13] STATUS: done=0 failed=0 finished=0/12
[09:04:43] STATUS: done=0 failed=0 finished=0/12
[09:05:13] STATUS: done=0 failed=0 finished=0/12
[09:05:44] STATUS: done=0 failed=0 finished=0/12
[09:06:14] STATUS: done=0 failed=0 finished=0/12
[09:06:44] STATUS: done=0 failed=0 finished=0/12
[09:07:07] worker5: OK a-hypnotists-take-on-israel-palestine.md in 371s (12 pages cite it)
[09:07:11] worker5: claimed a-look-at-recent-features-84d.md
[09:07:14] STATUS: done=1 failed=0 finished=0/12
[09:07:44] STATUS: done=1 failed=0 finished=0/12
[09:08:14] STATUS: done=1 failed=0 finished=0/12
[09:08:28] worker3: OK a-cancer-on-modern-journalism.md in 456s (15 pages cite it)
[09:08:32] worker3: claimed a-look-at-recent-features.md
[09:08:44] STATUS: done=2 failed=0 finished=0/12
[09:09:14] STATUS: done=2 failed=0 finished=0/12
[09:09:44] STATUS: done=2 failed=0 finished=0/12
[09:10:14] STATUS: done=2 failed=0 finished=0/12
[09:10:20] worker2: OK a-bright-red-line.md in 572s (23 pages cite it)
[09:10:23] worker2: claimed a-more-perfect-labor-union.md
[09:10:44] STATUS: done=3 failed=0 finished=0/12
[09:11:14] STATUS: done=3 failed=0 finished=0/12
[09:11:24] worker8: OK a-journey-of-ever-changing-truths.md in 630s (29 pages cite it)
[09:11:28] worker8: claimed a-mysterious-masterclass-in-multi.md
[09:11:44] STATUS: done=4 failed=0 finished=0/12
[09:11:47] worker1: OK 1913.md in 660s (31 pages cite it)
[09:11:49] worker1: claimed a-new-american-renaissance.md
[09:11:51] worker9: OK a-family-affair.md in 659s (28 pages cite it)
[09:11:53] worker9: claimed a-new-hollywood.md
[09:11:55] worker4: OK a-communist-plot-to-take-over-america.md in 665s (21 pages cite it)
[09:11:57] worker4: claimed a-re-alignment-of-world-systems.md
[09:12:14] STATUS: done=7 failed=0 finished=0/12
[09:12:44] STATUS: done=7 failed=0 finished=0/12
[09:12:50] worker10: OK a-glaring-double-standard.md in 717s (34 pages cite it)
[09:12:53] worker10: claimed a-seismic-shift.md
[09:13:14] STATUS: done=8 failed=0 finished=0/12
[09:13:44] STATUS: done=8 failed=0 finished=0/12
[09:13:48] worker6: FAIL a-gateway-to-a-new-world-of-cooperation.md in 776s rc=0 report=None cited=19
[09:13:48]   stderr: 
[09:13:48]   stdout tail: ⚠ Stream stalled mid tool-call (write_file); the action was not executed. Ask me to retry if you want to continue.done: a-gateway-to-a-new-world-of-cooperation -> created 16, updated 3
[09:14:14] STATUS: done=8 failed=1 finished=0/12
[09:14:44] STATUS: done=8 failed=1 finished=0/12
[09:15:02] worker0: OK 5gw-counter-offensive-the-censorship.md in 854s (17 pages cite it)
[09:15:04] worker0: claimed a-gateway-to-a-new-world-of-cooperation.md
[09:15:05] worker6: claimed a-startling-contradiction-at-the.md
[09:15:14] STATUS: done=9 failed=1 finished=0/12
[09:15:44] STATUS: done=9 failed=1 finished=0/12
[09:16:14] STATUS: done=9 failed=1 finished=0/12
[09:16:28] worker5: OK a-look-at-recent-features-84d.md in 556s (11 pages cite it)
[09:16:31] worker5: claimed a-swan-song-for-the-msm.md
[09:16:44] STATUS: done=10 failed=1 finished=0/12
[09:17:14] STATUS: done=10 failed=1 finished=0/12
[09:17:44] STATUS: done=10 failed=1 finished=0/12
[09:18:13] worker3: OK a-look-at-recent-features.md in 580s (7 pages cite it)
[09:18:14] STATUS: done=11 failed=1 finished=0/12
[09:18:15] worker3: claimed a-time-to-strike.md
[09:18:44] STATUS: done=11 failed=1 finished=0/12
[09:19:14] STATUS: done=11 failed=1 finished=0/12
[09:19:40] worker6: OK a-startling-contradiction-at-the.md in 274s (8 pages cite it)
[09:19:42] worker6: claimed a-virus-or-a-metaphor.md
[09:19:44] STATUS: done=12 failed=1 finished=0/12
[09:19:48] worker9: OK a-new-hollywood.md in 474s (30 pages cite it)
[09:19:50] worker9: claimed a-week-to-remember.md
[09:20:14] STATUS: done=13 failed=1 finished=0/12
[09:20:39] worker8: OK a-mysterious-masterclass-in-multi.md in 550s (7 pages cite it)
[09:20:41] worker8: claimed ai-can-help-us-expose-the-nwo.md
[09:20:44] STATUS: done=14 failed=1 finished=0/12
[09:21:14] STATUS: done=14 failed=1 finished=0/12
[09:21:37] worker7: OK a-conflict-of-interest.md in 1247s (32 pages cite it)
[09:21:40] worker7: claimed all-assets-deployed.md
[09:21:44] STATUS: done=15 failed=1 finished=0/12
[09:22:14] STATUS: done=15 failed=1 finished=0/12
[09:22:29] worker1: OK a-new-american-renaissance.md in 639s (19 pages cite it)
[09:22:31] worker1: claimed always-fight-back.md
[09:22:44] STATUS: done=16 failed=1 finished=0/12
[09:23:14] STATUS: done=16 failed=1 finished=0/12
[09:23:44] STATUS: done=16 failed=1 finished=0/12
[09:24:14] STATUS: done=16 failed=1 finished=0/12
[09:24:44] STATUS: done=16 failed=1 finished=0/12
[09:25:14] STATUS: done=16 failed=1 finished=0/12
[09:25:14] worker2: OK a-more-perfect-labor-union.md in 890s (27 pages cite it)
[09:25:16] worker2: claimed america-for-sale-part-1.md
[09:25:44] STATUS: done=17 failed=1 finished=0/12
[09:26:04] worker5: OK a-swan-song-for-the-msm.md in 572s (34 pages cite it)
[09:26:07] worker5: claimed america-for-sale-part-2.md
[09:26:14] STATUS: done=18 failed=1 finished=0/12
[09:26:36] worker10: OK a-seismic-shift.md in 822s (18 pages cite it)
[09:26:38] worker10: claimed america-for-sale-part-3.md
[09:26:44] STATUS: done=19 failed=1 finished=0/12
[09:27:14] STATUS: done=19 failed=1 finished=0/12
[09:27:26] worker4: OK a-re-alignment-of-world-systems.md in 928s (29 pages cite it)
[09:27:28] worker4: claimed america-has-a-cia-run-economy.md
[09:27:44] STATUS: done=20 failed=1 finished=0/12
[09:28:14] STATUS: done=20 failed=1 finished=0/12
[09:28:42] worker11: FAIL a-dereliction-of-duty.md in 1671s rc=0 report=None cited=32
[09:28:42]   stderr: 
[09:28:42]   stdout tail: ⚠ Stream stalled mid tool-call (write_file); the action was not executed. Ask me to retry if you want to continue.done: a-dereliction-of-duty -> created 29, updated 3
[09:28:44] STATUS: done=20 failed=2 finished=0/12
[09:29:14] STATUS: done=20 failed=2 finished=0/12
[09:29:44] STATUS: done=20 failed=2 finished=0/12
[09:29:47] worker7: OK all-assets-deployed.md in 486s (13 pages cite it)
[09:29:49] worker7: claimed a-dereliction-of-duty.md
[09:29:51] worker11: claimed americas-greatest-threat.md
[09:30:14] STATUS: done=21 failed=2 finished=0/12
[09:30:44] STATUS: done=21 failed=2 finished=0/12
[09:31:14] STATUS: done=21 failed=2 finished=0/12
[09:31:44] STATUS: done=21 failed=2 finished=0/12
[09:31:44] worker1: OK always-fight-back.md in 552s (20 pages cite it)
[09:31:47] worker1: claimed an-sos-from-ground-zero.md
[09:32:14] STATUS: done=22 failed=2 finished=0/12
[09:32:44] STATUS: done=22 failed=2 finished=0/12
[09:32:54] worker0: OK a-gateway-to-a-new-world-of-cooperation.md in 1069s (32 pages cite it)
[09:32:56] worker0: claimed and-iran-iran-so-far-away.md
[09:33:14] STATUS: done=23 failed=2 finished=0/12
[09:33:44] STATUS: done=23 failed=2 finished=0/12
[09:34:14] STATUS: done=23 failed=2 finished=0/12
[09:34:44] STATUS: done=23 failed=2 finished=0/12
[09:35:14] STATUS: done=23 failed=2 finished=0/12
[09:35:44] STATUS: done=23 failed=2 finished=0/12
[09:35:46] worker7: OK a-dereliction-of-duty.md in 356s (42 pages cite it)
[09:35:48] worker7: claimed anthony-fauci.md
[09:36:14] STATUS: done=24 failed=2 finished=0/12
[09:36:26] worker9: FAIL a-week-to-remember.md in 995s rc=1 report=None cited=22
[09:36:26]   stderr: 
[09:36:26]   stdout tail: 
[09:36:26] worker6: FAIL a-virus-or-a-metaphor.md in 1004s rc=1 report=None cited=19
[09:36:26]   stderr: 
[09:36:26] worker2: FAIL america-for-sale-part-1.md in 669s rc=1 report=None cited=22
[09:36:26]   stderr: 
[09:36:26]   stdout tail: 
[09:36:26] worker3: FAIL a-time-to-strike.md in 1090s rc=1 report=None cited=8
[09:36:26]   stderr: 
[09:36:26]   stdout tail: 
[09:36:26] worker8: FAIL ai-can-help-us-expose-the-nwo.md in 945s rc=1 report=None cited=28
[09:36:26]   stderr: 
[09:36:26]   stdout tail: 
[09:36:26]   stdout tail: 
[09:36:26] worker10: FAIL america-for-sale-part-3.md in 588s rc=1 report=None cited=16
[09:36:26]   stderr: 
[09:36:26]   stdout tail: 
[09:36:26] worker5: FAIL america-for-sale-part-2.md in 619s rc=1 report=None cited=20
[09:36:26]   stderr: 
[09:36:26]   stdout tail: 
[09:36:26] worker4: FAIL america-has-a-cia-run-economy.md in 538s rc=1 report=None cited=22
[09:36:26]   stderr: 
[09:36:26]   stdout tail: 
[09:36:27] worker11: FAIL americas-greatest-threat.md in 395s rc=1 report=None cited=5
[09:36:27]   stderr: 
[09:36:27]   stdout tail: 
[09:36:27] worker1: FAIL an-sos-from-ground-zero.md in 280s rc=1 report=None cited=8
[09:36:27]   stderr: 
[09:36:27]   stdout tail: 
[09:36:27] worker0: FAIL and-iran-iran-so-far-away.md in 211s rc=1 report=None cited=0
[09:36:27]   stderr: 
[09:36:27]   stdout tail: 
[09:36:27] worker7: FAIL anthony-fauci.md in 39s rc=1 report=None cited=0
[09:36:27]   stderr: 
[09:36:27]   stdout tail: 
