# parallel ingest run 2026-08-06T05:21:52.793605
[05:21:54] worker1: claimed badlands-news-brief-c14.md
[05:21:54] worker0: claimed badlands-news-brief-c1e.md
[05:21:54] worker3: claimed badlands-news-brief-c32.md
[05:21:54] worker6: claimed badlands-news-brief-c44.md
[05:21:54] worker5: claimed badlands-news-brief-c4f.md
[05:21:54] worker4: claimed badlands-news-brief-c50.md
[05:21:54] worker7: claimed badlands-news-brief-c5b.md
[05:21:55] worker8: claimed badlands-news-brief-c5c.md
[05:21:55] worker9: claimed badlands-news-brief-c71.md
[05:21:55] worker2: claimed badlands-news-brief-c6a.md
[05:21:55] worker11: claimed badlands-news-brief-c74.md
[05:21:55] worker10: claimed badlands-news-brief-c78.md
[05:22:23] STATUS: done=0 failed=0 recovered=0 unresolved=0 alive=12/12 finished=0
[05:22:53] STATUS: done=0 failed=0 recovered=0 unresolved=0 alive=12/12 finished=0
[05:23:23] STATUS: done=0 failed=0 recovered=0 unresolved=0 alive=12/12 finished=0
[05:23:29] worker0: OK badlands-news-brief-c1e.md in 92s (33 pages cite it)
[05:23:29] worker7: OK badlands-news-brief-c5b.md in 92s (7 pages cite it)
[05:23:31] worker1: OK badlands-news-brief-c14.md in 93s (25 pages cite it)
[05:23:31] worker0: claimed badlands-news-brief-c93.md
[05:23:31] worker3: OK badlands-news-brief-c32.md in 94s (8 pages cite it)
[05:23:31] worker7: claimed badlands-news-brief-c9a.md
[05:23:33] worker1: claimed badlands-news-brief-c9b.md
[05:23:33] worker9: OK badlands-news-brief-c71.md in 95s (3 pages cite it)
[05:23:33] worker3: claimed badlands-news-brief-c9d.md
[05:23:35] worker9: claimed badlands-news-brief-ca1.md
[05:23:36] worker10: FAIL badlands-news-brief-c78.md in 95s rc=0 report=None cited=0 rate_limit=True backoff=30s
[05:23:36]   stderr: 
[05:23:36]   stdout tail: API call failed after 3 retries: HTTP 429: Hold up for a bit, you've exceeded the rate limit on your API key.
[05:23:53] STATUS: done=5 failed=1 recovered=0 unresolved=1 alive=12/12 finished=0
[05:24:23] STATUS: done=5 failed=1 recovered=0 unresolved=1 alive=12/12 finished=0
[05:24:53] STATUS: done=5 failed=1 recovered=0 unresolved=1 alive=12/12 finished=0
[05:25:23] STATUS: done=5 failed=1 recovered=0 unresolved=1 alive=12/12 finished=0
[05:25:53] STATUS: done=5 failed=1 recovered=0 unresolved=1 alive=12/12 finished=0
[05:26:23] STATUS: done=5 failed=1 recovered=0 unresolved=1 alive=12/12 finished=0
[05:26:53] STATUS: done=5 failed=1 recovered=0 unresolved=1 alive=12/12 finished=0
[05:27:23] STATUS: done=5 failed=1 recovered=0 unresolved=1 alive=12/12 finished=0
[05:27:53] STATUS: done=5 failed=1 recovered=0 unresolved=1 alive=12/12 finished=0
[05:28:01] worker8: OK badlands-news-brief-c5c.md in 364s (14 pages cite it)
[05:28:03] worker8: claimed badlands-news-brief-c78.md
[05:28:08] worker10: claimed badlands-news-brief-ca7.md
[05:28:23] STATUS: done=6 failed=1 recovered=0 unresolved=1 alive=12/12 finished=0
[05:28:53] STATUS: done=6 failed=1 recovered=0 unresolved=1 alive=12/12 finished=0
[05:29:23] STATUS: done=6 failed=1 recovered=0 unresolved=1 alive=12/12 finished=0
[05:29:53] STATUS: done=6 failed=1 recovered=0 unresolved=1 alive=12/12 finished=0
[05:30:23] STATUS: done=6 failed=1 recovered=0 unresolved=1 alive=12/12 finished=0
[05:30:35] worker2: OK badlands-news-brief-c6a.md in 518s (18 pages cite it)
[05:30:37] worker2: claimed badlands-news-brief-cad.md
[05:30:53] STATUS: done=7 failed=1 recovered=0 unresolved=1 alive=12/12 finished=0
[05:31:07] worker11: OK badlands-news-brief-c74.md in 550s (14 pages cite it)
[05:31:09] worker11: claimed badlands-news-brief-cb6.md
[05:31:23] STATUS: done=8 failed=1 recovered=0 unresolved=1 alive=12/12 finished=0
[05:31:53] STATUS: done=8 failed=1 recovered=0 unresolved=1 alive=12/12 finished=0
[05:32:13] worker9: OK badlands-news-brief-ca1.md in 515s (19 pages cite it)
[05:32:15] worker9: claimed badlands-news-brief-cb9.md
[05:32:23] STATUS: done=9 failed=1 recovered=0 unresolved=1 alive=12/12 finished=0
[05:32:53] STATUS: done=9 failed=1 recovered=0 unresolved=1 alive=12/12 finished=0
[05:33:23] STATUS: done=9 failed=1 recovered=0 unresolved=1 alive=12/12 finished=0
[05:33:28] worker10: OK badlands-news-brief-ca7.md in 319s (16 pages cite it)
[05:33:30] worker10: claimed badlands-news-brief-cba.md
[05:33:53] STATUS: done=10 failed=1 recovered=0 unresolved=1 alive=12/12 finished=0
[05:34:23] STATUS: done=10 failed=1 recovered=0 unresolved=1 alive=12/12 finished=0
[05:34:53] STATUS: done=10 failed=1 recovered=0 unresolved=1 alive=12/12 finished=0
[05:35:23] STATUS: done=10 failed=1 recovered=0 unresolved=1 alive=12/12 finished=0
[05:35:53] STATUS: done=10 failed=1 recovered=0 unresolved=1 alive=12/12 finished=0
[05:36:03] worker1: OK badlands-news-brief-c9b.md in 748s (17 pages cite it)
[05:36:06] worker1: claimed badlands-news-brief-cc9.md
[05:36:23] STATUS: done=11 failed=1 recovered=0 unresolved=1 alive=12/12 finished=0
[05:36:53] STATUS: done=11 failed=1 recovered=0 unresolved=1 alive=12/12 finished=0
[05:37:13] worker2: OK badlands-news-brief-cad.md in 394s (34 pages cite it)
[05:37:16] worker2: claimed badlands-news-brief-ccd.md
[05:37:23] STATUS: done=12 failed=1 recovered=0 unresolved=1 alive=12/12 finished=0
[05:37:26] worker7: FAIL badlands-news-brief-c9a.md in 829s rc=0 report=None cited=0 rate_limit=False backoff=30s
[05:37:26]   stderr: 
[05:37:26]   stdout tail: Response truncated due to output length limit
[05:37:42] worker3: OK badlands-news-brief-c9d.md in 847s (24 pages cite it)
[05:37:44] worker3: claimed badlands-news-brief-c9a.md
[05:37:53] STATUS: done=13 failed=2 recovered=0 unresolved=2 alive=12/12 finished=0
[05:37:59] worker7: claimed badlands-news-brief-cce.md
[05:38:23] STATUS: done=13 failed=2 recovered=0 unresolved=2 alive=12/12 finished=0
[05:38:53] STATUS: done=13 failed=2 recovered=0 unresolved=2 alive=12/12 finished=0
[05:39:23] STATUS: done=13 failed=2 recovered=0 unresolved=2 alive=12/12 finished=0
[05:39:35] worker11: OK badlands-news-brief-cb6.md in 503s (21 pages cite it)
[05:39:37] worker11: claimed badlands-news-brief-cdb.md
[05:39:53] STATUS: done=14 failed=2 recovered=0 unresolved=2 alive=12/12 finished=0
[05:40:04] worker1: OK badlands-news-brief-cc9.md in 236s (14 pages cite it)
[05:40:06] worker1: claimed badlands-news-brief-ce1.md
[05:40:23] STATUS: done=15 failed=2 recovered=0 unresolved=2 alive=12/12 finished=0
[05:40:53] STATUS: done=15 failed=2 recovered=0 unresolved=2 alive=12/12 finished=0
[05:41:05] worker6: OK badlands-news-brief-c44.md in 1148s (32 pages cite it)
[05:41:07] worker6: claimed badlands-news-brief-ce5.md
[05:41:23] STATUS: done=16 failed=2 recovered=0 unresolved=2 alive=12/12 finished=0
[05:41:53] STATUS: done=16 failed=2 recovered=0 unresolved=2 alive=12/12 finished=0
[05:42:23] STATUS: done=16 failed=2 recovered=0 unresolved=2 alive=12/12 finished=0
[05:42:45] worker5: OK badlands-news-brief-c4f.md in 1246s (55 pages cite it)
[05:42:47] worker5: claimed badlands-news-brief-cf2.md
[05:42:53] STATUS: done=17 failed=2 recovered=0 unresolved=2 alive=12/12 finished=0
[05:43:01] worker4: OK badlands-news-brief-c50.md in 1264s (29 pages cite it)
[05:43:03] worker4: claimed badlands-news-brief-cf3.md
[05:43:23] STATUS: done=18 failed=2 recovered=0 unresolved=2 alive=12/12 finished=0
[05:43:53] STATUS: done=18 failed=2 recovered=0 unresolved=2 alive=12/12 finished=0
[05:44:14] worker8: OK badlands-news-brief-c78.md in 967s (18 pages cite it) [RECOVERED after earlier failure]
[05:44:16] worker8: claimed badlands-news-brief-cf8.md
[05:44:23] STATUS: done=19 failed=2 recovered=1 unresolved=1 alive=12/12 finished=0
[05:44:53] STATUS: done=19 failed=2 recovered=1 unresolved=1 alive=12/12 finished=0
[05:45:23] STATUS: done=19 failed=2 recovered=1 unresolved=1 alive=12/12 finished=0
[05:45:53] STATUS: done=19 failed=2 recovered=1 unresolved=1 alive=12/12 finished=0
[05:46:23] STATUS: done=19 failed=2 recovered=1 unresolved=1 alive=12/12 finished=0
[05:46:53] STATUS: done=19 failed=2 recovered=1 unresolved=1 alive=12/12 finished=0
[05:47:23] STATUS: done=19 failed=2 recovered=1 unresolved=1 alive=12/12 finished=0
[05:47:53] STATUS: done=19 failed=2 recovered=1 unresolved=1 alive=12/12 finished=0
[05:48:23] STATUS: done=19 failed=2 recovered=1 unresolved=1 alive=12/12 finished=0
[05:48:53] STATUS: done=19 failed=2 recovered=1 unresolved=1 alive=12/12 finished=0
[05:49:23] STATUS: done=19 failed=2 recovered=1 unresolved=1 alive=12/12 finished=0
[05:49:48] worker2: OK badlands-news-brief-ccd.md in 748s (19 pages cite it)
[05:49:50] worker2: claimed badlands-news-brief-cfa.md
[05:49:53] STATUS: done=20 failed=2 recovered=1 unresolved=1 alive=12/12 finished=0
[05:50:15] worker0: OK badlands-news-brief-c93.md in 1603s (49 pages cite it)
[05:50:17] worker1: OK badlands-news-brief-ce1.md in 608s (33 pages cite it)
[05:50:18] worker0: claimed badlands-news-brief-cff.md
[05:50:19] worker1: claimed badlands-news-brief-d00.md
[05:50:23] STATUS: done=22 failed=2 recovered=1 unresolved=1 alive=12/12 finished=0
[05:50:53] STATUS: done=22 failed=2 recovered=1 unresolved=1 alive=12/12 finished=0
[05:51:02] worker10: OK badlands-news-brief-cba.md in 1049s (19 pages cite it)
[05:51:04] worker10: claimed badlands-news-brief-d04.md
[05:51:13] worker6: OK badlands-news-brief-ce5.md in 603s (28 pages cite it)
[05:51:15] worker6: claimed badlands-news-brief-d06.md
[05:51:23] STATUS: done=24 failed=2 recovered=1 unresolved=1 alive=12/12 finished=0
[05:51:40] worker7: OK badlands-news-brief-cce.md in 820s (29 pages cite it)
[05:51:42] worker7: claimed badlands-news-brief-d1c.md
[05:51:53] STATUS: done=25 failed=2 recovered=1 unresolved=1 alive=12/12 finished=0
[05:52:11] worker9: OK badlands-news-brief-cb9.md in 1194s (36 pages cite it)
[05:52:13] worker9: claimed badlands-news-brief-d1d.md
[05:52:23] STATUS: done=26 failed=2 recovered=1 unresolved=1 alive=12/12 finished=0
[05:52:48] worker11: OK badlands-news-brief-cdb.md in 788s (20 pages cite it)
[05:52:50] worker11: claimed badlands-news-brief-d21.md
[05:52:53] STATUS: done=27 failed=2 recovered=1 unresolved=1 alive=12/12 finished=0
[05:53:23] STATUS: done=27 failed=2 recovered=1 unresolved=1 alive=12/12 finished=0
[05:53:53] STATUS: done=27 failed=2 recovered=1 unresolved=1 alive=12/12 finished=0
[05:54:00] worker3: OK badlands-news-brief-c9a.md in 973s (38 pages cite it) [RECOVERED after earlier failure]
[05:54:02] worker3: claimed badlands-news-brief-d22.md
[05:54:23] worker5: OK badlands-news-brief-cf2.md in 694s (20 pages cite it)
[05:54:23] STATUS: done=29 failed=2 recovered=2 unresolved=0 alive=12/12 finished=0
[05:54:25] worker5: claimed badlands-news-brief-d24.md
[05:54:53] STATUS: done=29 failed=2 recovered=2 unresolved=0 alive=12/12 finished=0
[05:55:23] STATUS: done=29 failed=2 recovered=2 unresolved=0 alive=12/12 finished=0
[05:55:34] worker4: OK badlands-news-brief-cf3.md in 749s (29 pages cite it)
[05:55:36] worker4: claimed badlands-news-brief-d32.md
[05:55:40] worker1: OK badlands-news-brief-d00.md in 317s (22 pages cite it)
[05:55:42] worker1: claimed badlands-news-brief-d36.md
[05:55:54] STATUS: done=31 failed=2 recovered=2 unresolved=0 alive=12/12 finished=0
[05:56:18] worker2: OK badlands-news-brief-cfa.md in 386s (12 pages cite it)
[05:56:20] worker2: claimed badlands-news-brief-d43.md
[05:56:24] STATUS: done=32 failed=2 recovered=2 unresolved=0 alive=12/12 finished=0
[05:56:54] STATUS: done=32 failed=2 recovered=2 unresolved=0 alive=12/12 finished=0
[05:57:24] STATUS: done=32 failed=2 recovered=2 unresolved=0 alive=12/12 finished=0
[05:57:54] STATUS: done=32 failed=2 recovered=2 unresolved=0 alive=12/12 finished=0
[05:57:55] worker10: OK badlands-news-brief-d04.md in 406s (24 pages cite it)
[05:57:58] worker10: claimed badlands-news-brief-d45.md
[05:58:11] worker6: OK badlands-news-brief-d06.md in 414s (15 pages cite it)
[05:58:13] worker6: claimed badlands-news-brief-d46.md
[05:58:24] STATUS: done=34 failed=2 recovered=2 unresolved=0 alive=12/12 finished=0
[05:58:54] STATUS: done=34 failed=2 recovered=2 unresolved=0 alive=12/12 finished=0
[05:59:24] STATUS: done=34 failed=2 recovered=2 unresolved=0 alive=12/12 finished=0
[05:59:54] STATUS: done=34 failed=2 recovered=2 unresolved=0 alive=12/12 finished=0
[06:00:08] worker3: OK badlands-news-brief-d22.md in 363s (14 pages cite it)
[06:00:10] worker3: claimed badlands-news-brief-d50.md
[06:00:24] STATUS: done=35 failed=2 recovered=2 unresolved=0 alive=12/12 finished=0
