[23:37:13] worker4: claimed badlands-news-brief-688.md
[23:37:14] worker5: claimed badlands-news-brief-69b.md
[23:37:14] worker7: claimed badlands-news-brief-69d.md
[23:37:14] worker0: claimed badlands-news-brief-68f.md
[23:37:14] worker3: claimed badlands-news-brief-6aa.md
[23:37:15] worker6: claimed badlands-news-brief-6af.md
[23:37:15] worker10: claimed badlands-news-brief-6b1.md
[23:37:15] worker1: claimed badlands-news-brief-6b6.md
[23:37:16] worker9: claimed badlands-news-brief-6bc.md
[23:37:17] worker11: claimed badlands-news-brief-6bf.md
[23:37:18] worker8: claimed badlands-news-brief-6c1.md
[23:37:18] worker2: claimed badlands-news-brief-6c4.md
[23:37:42] STATUS: done=0 failed=0 alive=12/12 finished=0
[23:38:12] STATUS: done=0 failed=0 alive=12/12 finished=0
[23:38:42] STATUS: done=0 failed=0 alive=12/12 finished=0
[23:39:12] STATUS: done=0 failed=0 alive=12/12 finished=0
[23:39:42] STATUS: done=0 failed=0 alive=12/12 finished=0
[23:40:12] STATUS: done=0 failed=0 alive=12/12 finished=0
[23:40:42] STATUS: done=0 failed=0 alive=12/12 finished=0
[23:41:12] STATUS: done=0 failed=0 alive=12/12 finished=0
[23:41:42] STATUS: done=0 failed=0 alive=12/12 finished=0
[23:42:12] STATUS: done=0 failed=0 alive=12/12 finished=0
[23:42:42] STATUS: done=0 failed=0 alive=12/12 finished=0
[23:43:12] STATUS: done=0 failed=0 alive=12/12 finished=0
[23:43:42] STATUS: done=0 failed=0 alive=12/12 finished=0
[23:44:12] STATUS: done=0 failed=0 alive=12/12 finished=0
[23:44:42] STATUS: done=0 failed=0 alive=12/12 finished=0
[23:45:12] STATUS: done=0 failed=0 alive=12/12 finished=0
[23:45:42] STATUS: done=0 failed=0 alive=12/12 finished=0
[23:46:12] STATUS: done=0 failed=0 alive=12/12 finished=0
[23:46:42] STATUS: done=0 failed=0 alive=12/12 finished=0
[23:47:12] STATUS: done=0 failed=0 alive=12/12 finished=0
[23:47:42] STATUS: done=0 failed=0 alive=12/12 finished=0
[23:48:12] STATUS: done=0 failed=0 alive=12/12 finished=0
[23:48:42] STATUS: done=0 failed=0 alive=12/12 finished=0
[23:49:12] STATUS: done=0 failed=0 alive=12/12 finished=0
[23:49:42] STATUS: done=0 failed=0 alive=12/12 finished=0
[23:50:12] STATUS: done=0 failed=0 alive=12/12 finished=0
[23:50:37] worker1: OK badlands-news-brief-6b6.md in 498s (19 pages cite it)
[23:50:39] worker1: claimed badlands-news-brief-6d2.md
[23:50:42] STATUS: done=1 failed=0 alive=12/12 finished=0
[23:51:12] STATUS: done=1 failed=0 alive=12/12 finished=0
[23:51:26] worker9: OK badlands-news-brief-6bc.md in 845s (19 pages cite it)
[23:51:29] worker9: claimed badlands-news-brief-6d6.md
[23:51:42] STATUS: done=2 failed=0 alive=12/12 finished=0
[23:52:12] STATUS: done=2 failed=0 alive=12/12 finished=0
[23:52:42] STATUS: done=2 failed=0 alive=12/12 finished=0
[23:53:12] STATUS: done=2 failed=0 alive=12/12 finished=0
[23:53:42] STATUS: done=2 failed=0 alive=12/12 finished=0
[23:54:12] STATUS: done=2 failed=0 alive=12/12 finished=0
[23:54:42] STATUS: done=2 failed=0 alive=12/12 finished=0
[23:54:50] worker0: OK badlands-news-brief-68f.md in 1052s (14 pages cite it)
[23:54:52] worker0: claimed badlands-news-brief-6db.md
[23:55:12] STATUS: done=3 failed=0 alive=12/12 finished=0
[23:55:42] STATUS: done=3 failed=0 alive=12/12 finished=0
[23:56:08] worker7: OK badlands-news-brief-69d.md in 1130s (18 pages cite it)
[23:56:11] worker7: claimed badlands-news-brief-6e3.md
[23:56:12] STATUS: done=4 failed=0 alive=12/12 finished=0
[23:56:42] STATUS: done=4 failed=0 alive=12/12 finished=0
[23:57:12] STATUS: done=4 failed=0 alive=12/12 finished=0
[23:57:42] STATUS: done=4 failed=0 alive=12/12 finished=0
[23:58:12] STATUS: done=4 failed=0 alive=12/12 finished=0
[23:58:42] STATUS: done=4 failed=0 alive=12/12 finished=0
[23:58:57] worker11: OK badlands-news-brief-6bf.md in 1297s (21 pages cite it)
[23:58:59] worker11: claimed badlands-news-brief-6e5.md
[23:59:12] STATUS: done=5 failed=0 alive=12/12 finished=0
[23:59:42] STATUS: done=5 failed=0 alive=12/12 finished=0
[00:00:09] worker10: OK badlands-news-brief-6b1.md in 1370s (35 pages cite it)
[00:00:11] worker10: claimed badlands-news-brief-6e6.md
[00:00:12] STATUS: done=6 failed=0 alive=12/12 finished=0
[00:00:33] worker2: OK badlands-news-brief-6c4.md in 1385s (22 pages cite it)
[00:00:36] worker2: claimed badlands-news-brief-6f0.md
[00:00:42] STATUS: done=7 failed=0 alive=12/12 finished=0
[00:01:12] STATUS: done=7 failed=0 alive=12/12 finished=0
[00:01:42] STATUS: done=7 failed=0 alive=12/12 finished=0
[00:02:12] STATUS: done=7 failed=0 alive=12/12 finished=0
[00:02:42] STATUS: done=7 failed=0 alive=12/12 finished=0
[00:03:12] STATUS: done=7 failed=0 alive=12/12 finished=0
[00:03:18] worker3: OK badlands-news-brief-6aa.md in 1557s (26 pages cite it)
[00:03:21] worker3: claimed badlands-news-brief-6f7.md
[00:03:42] STATUS: done=8 failed=0 alive=12/12 finished=0
[00:04:12] STATUS: done=8 failed=0 alive=12/12 finished=0
[00:04:42] STATUS: done=8 failed=0 alive=12/12 finished=0
[00:05:12] STATUS: done=8 failed=0 alive=12/12 finished=0
[00:05:36] worker9: OK badlands-news-brief-6d6.md in 840s (16 pages cite it)
[00:05:38] worker9: claimed badlands-news-brief-6fc.md
[00:05:42] STATUS: done=9 failed=0 alive=12/12 finished=0
[00:05:44] worker5: OK badlands-news-brief-69b.md in 1705s (58 pages cite it)
[00:05:46] worker5: claimed badlands-news-brief-6ff.md
[00:05:56] worker4: OK badlands-news-brief-688.md in 1719s (15 pages cite it)
[00:05:58] worker4: claimed badlands-news-brief-70a.md
[00:06:12] STATUS: done=11 failed=0 alive=12/12 finished=0
[00:06:42] STATUS: done=11 failed=0 alive=12/12 finished=0
[00:07:12] STATUS: done=11 failed=0 alive=12/12 finished=0
[00:07:42] STATUS: done=11 failed=0 alive=12/12 finished=0
[00:08:12] STATUS: done=11 failed=0 alive=12/12 finished=0
[00:08:29] worker0: OK badlands-news-brief-6db.md in 811s (22 pages cite it)
[00:08:32] worker0: claimed badlands-news-brief-70d.md
[00:08:42] STATUS: done=12 failed=0 alive=12/12 finished=0
[00:08:54] worker8: OK badlands-news-brief-6c1.md in 1890s (28 pages cite it)
[00:08:56] worker8: claimed badlands-news-brief-711.md
[00:09:08] worker1: OK badlands-news-brief-6d2.md in 1104s (15 pages cite it)
[00:09:11] worker1: claimed badlands-news-brief-713.md
[00:09:12] STATUS: done=14 failed=0 alive=12/12 finished=0
[00:09:42] STATUS: done=14 failed=0 alive=12/12 finished=0
[00:10:09] worker7: OK badlands-news-brief-6e3.md in 833s (18 pages cite it)
[00:10:11] worker7: claimed badlands-news-brief-719.md
[00:10:12] STATUS: done=15 failed=0 alive=12/12 finished=0
[00:10:29] worker2: OK badlands-news-brief-6f0.md in 589s (12 pages cite it)
[00:10:32] worker2: claimed badlands-news-brief-71c.md
[00:10:42] STATUS: done=16 failed=0 alive=12/12 finished=0
[00:11:12] STATUS: done=16 failed=0 alive=12/12 finished=0
[00:11:42] STATUS: done=16 failed=0 alive=12/12 finished=0
[00:12:12] STATUS: done=16 failed=0 alive=12/12 finished=0
[00:12:42] STATUS: done=16 failed=0 alive=12/12 finished=0
[00:13:12] STATUS: done=16 failed=0 alive=12/12 finished=0
[00:13:42] STATUS: done=16 failed=0 alive=12/12 finished=0
[00:14:12] STATUS: done=16 failed=0 alive=12/12 finished=0
[00:14:42] STATUS: done=16 failed=0 alive=12/12 finished=0
[00:15:12] STATUS: done=16 failed=0 alive=12/12 finished=0
[00:15:35] worker3: OK badlands-news-brief-6f7.md in 725s (29 pages cite it)
[00:15:38] worker3: claimed badlands-news-brief-71f.md
[00:15:42] STATUS: done=17 failed=0 alive=12/12 finished=0
[00:16:12] STATUS: done=17 failed=0 alive=12/12 finished=0
[00:16:42] STATUS: done=17 failed=0 alive=12/12 finished=0
[00:17:12] STATUS: done=17 failed=0 alive=12/12 finished=0
[00:17:16] worker6: TIMEOUT badlands-news-brief-6af.md after 2400s
[00:17:42] STATUS: done=17 failed=1 alive=12/12 finished=0
[00:18:12] STATUS: done=17 failed=1 alive=12/12 finished=0
[00:18:42] STATUS: done=17 failed=1 alive=12/12 finished=0
[00:19:12] STATUS: done=17 failed=1 alive=12/12 finished=0
[00:19:42] STATUS: done=17 failed=1 alive=12/12 finished=0
[00:19:56] worker5: OK badlands-news-brief-6ff.md in 828s (16 pages cite it)
[00:19:56] worker0: OK badlands-news-brief-70d.md in 660s (11 pages cite it)
[00:19:58] worker0: claimed badlands-news-brief-6af.md
[00:19:58] worker5: claimed badlands-news-brief-721.md
[00:19:59] worker6: claimed badlands-news-brief-728.md
[00:20:12] STATUS: done=19 failed=1 alive=12/12 finished=0
[00:20:42] STATUS: done=19 failed=1 alive=12/12 finished=0
[00:21:12] STATUS: done=19 failed=1 alive=12/12 finished=0
[00:21:42] STATUS: done=19 failed=1 alive=12/12 finished=0
[00:22:12] STATUS: done=19 failed=2 alive=12/12 finished=0
[00:22:15] worker6: FAIL badlands-news-brief-728.md in 126s rc=0 report=None cited=0 rate_limit=False backoff=30s
[00:22:15]   stderr: 
[00:22:15]   stdout tail: probe into Nathan Wade, though I might consolidate that last one into an existing entry.

Try rephrasing the request, narrowing the context, or adding a fallback provider with `hermes fallback add`.
[00:22:42] STATUS: done=19 failed=2 alive=12/12 finished=0
[00:23:12] STATUS: done=19 failed=2 alive=12/12 finished=0
[00:23:42] STATUS: done=19 failed=2 alive=12/12 finished=0
[00:24:12] STATUS: done=19 failed=2 alive=12/12 finished=0
[00:24:42] STATUS: done=19 failed=2 alive=12/12 finished=0
[00:25:12] STATUS: done=19 failed=2 alive=12/12 finished=0
[00:25:42] STATUS: done=19 failed=2 alive=12/12 finished=0
[00:26:12] STATUS: done=19 failed=2 alive=12/12 finished=0
[00:26:23] worker9: OK badlands-news-brief-6fc.md in 1239s (31 pages cite it)
[00:26:25] worker9: claimed badlands-news-brief-72e.md
[00:26:42] STATUS: done=20 failed=2 alive=12/12 finished=0
[00:27:12] STATUS: done=20 failed=2 alive=12/12 finished=0
[00:27:37] worker2: OK badlands-news-brief-71c.md in 1019s (18 pages cite it)
[00:27:39] worker2: claimed badlands-news-brief-728.md
[00:27:42] STATUS: done=21 failed=2 alive=12/12 finished=0
[00:27:44] worker6: claimed badlands-news-brief-732.md
[00:28:12] STATUS: done=21 failed=2 alive=12/12 finished=0
[00:28:27] worker4: OK badlands-news-brief-70a.md in 1344s (19 pages cite it)
[00:28:30] worker4: claimed badlands-news-brief-73f.md
[00:28:42] STATUS: done=22 failed=2 alive=12/12 finished=0
[00:29:12] STATUS: done=22 failed=2 alive=12/12 finished=0
[00:29:42] STATUS: done=22 failed=2 alive=12/12 finished=0
