[18:38:04] worker0: claimed badlands-news-brief-169.md
[18:38:05] worker1: claimed badlands-news-brief-189.md
[18:38:05] worker2: claimed badlands-news-brief-18e.md
[18:38:05] worker3: claimed badlands-news-brief-19a.md
[18:38:06] worker4: claimed badlands-news-brief-1a0.md
[18:38:06] worker5: claimed badlands-news-brief-19b.md
[18:38:06] worker10: claimed badlands-news-brief-1a7.md
[18:38:07] worker6: claimed badlands-news-brief-1ab.md
[18:38:07] worker7: claimed badlands-news-brief-1ae.md
[18:38:07] worker9: claimed badlands-news-brief-1ba.md
[18:38:07] worker11: claimed badlands-news-brief-1c3.md
[18:38:09] worker8: claimed badlands-news-brief-1c8.md
[18:38:32] STATUS: done=0 failed=0 alive=12/12 finished=0
[18:39:02] STATUS: done=0 failed=0 alive=12/12 finished=0
[18:39:32] STATUS: done=0 failed=0 alive=12/12 finished=0
[18:40:02] STATUS: done=0 failed=0 alive=12/12 finished=0
[18:40:32] STATUS: done=0 failed=0 alive=12/12 finished=0
[18:41:02] STATUS: done=0 failed=0 alive=12/12 finished=0
[18:41:32] STATUS: done=0 failed=0 alive=12/12 finished=0
[18:42:02] STATUS: done=0 failed=0 alive=12/12 finished=0
[18:42:32] STATUS: done=0 failed=0 alive=12/12 finished=0
[18:43:02] STATUS: done=0 failed=0 alive=12/12 finished=0
[18:43:32] STATUS: done=0 failed=0 alive=12/12 finished=0
[18:44:02] STATUS: done=0 failed=0 alive=12/12 finished=0
[18:44:32] STATUS: done=0 failed=0 alive=12/12 finished=0
[18:45:02] STATUS: done=0 failed=0 alive=12/12 finished=0
[18:45:32] STATUS: done=0 failed=0 alive=12/12 finished=0
[18:46:02] STATUS: done=0 failed=0 alive=12/12 finished=0
[18:46:32] STATUS: done=0 failed=0 alive=12/12 finished=0
[18:47:02] STATUS: done=0 failed=0 alive=12/12 finished=0
[18:47:32] STATUS: done=0 failed=0 alive=12/12 finished=0
[18:48:02] STATUS: done=0 failed=0 alive=12/12 finished=0
[18:48:32] STATUS: done=0 failed=0 alive=12/12 finished=0
[18:49:02] STATUS: done=0 failed=0 alive=12/12 finished=0
[18:49:32] STATUS: done=0 failed=0 alive=12/12 finished=0
[18:49:59] worker9: OK badlands-news-brief-1ba.md in 706s (20 pages cite it)
[18:50:02] worker9: claimed badlands-news-brief-1cc.md
[18:50:02] STATUS: done=1 failed=0 alive=12/12 finished=0
[18:50:10] worker0: OK badlands-news-brief-169.md in 723s (28 pages cite it)
[18:50:12] worker0: claimed badlands-news-brief-1cd.md
[18:50:32] STATUS: done=2 failed=0 alive=12/12 finished=0
[18:51:02] STATUS: done=2 failed=0 alive=12/12 finished=0
[18:51:25] worker1: OK badlands-news-brief-189.md in 799s (25 pages cite it)
[18:51:27] worker1: claimed badlands-news-brief-1d1.md
[18:51:32] STATUS: done=3 failed=0 alive=12/12 finished=0
[18:52:01] worker5: OK badlands-news-brief-19b.md in 829s (24 pages cite it)
[18:52:02] STATUS: done=4 failed=0 alive=12/12 finished=0
[18:52:04] worker5: claimed badlands-news-brief-1d7.md
[18:52:32] STATUS: done=4 failed=0 alive=12/12 finished=0
[18:53:02] STATUS: done=4 failed=0 alive=12/12 finished=0
[18:53:30] worker7: OK badlands-news-brief-1ae.md in 919s (12 pages cite it)
[18:53:32] worker7: claimed badlands-news-brief-1e0.md
[18:53:32] STATUS: done=5 failed=0 alive=12/12 finished=0
[18:53:47] worker6: OK badlands-news-brief-1ab.md in 938s (24 pages cite it)
[18:53:49] worker6: claimed badlands-news-brief-1e2.md
[18:54:03] STATUS: done=6 failed=0 alive=12/12 finished=0
[18:54:06] worker2: OK badlands-news-brief-18e.md in 958s (35 pages cite it)
[18:54:09] worker2: claimed badlands-news-brief-1e6.md
[18:54:33] STATUS: done=7 failed=0 alive=12/12 finished=0
[18:55:03] STATUS: done=7 failed=0 alive=12/12 finished=0
[18:55:33] STATUS: done=7 failed=0 alive=12/12 finished=0
[18:56:03] STATUS: done=7 failed=0 alive=12/12 finished=0
[18:56:33] STATUS: done=7 failed=0 alive=12/12 finished=0
[18:56:46] worker11: OK badlands-news-brief-1c3.md in 1114s (40 pages cite it)
[18:56:48] worker11: claimed badlands-news-brief-1ed.md
[18:57:03] STATUS: done=8 failed=0 alive=12/12 finished=0
[18:57:25] worker3: OK badlands-news-brief-19a.md in 1157s (18 pages cite it)
[18:57:28] worker3: claimed badlands-news-brief-1f2.md
[18:57:33] STATUS: done=9 failed=0 alive=12/12 finished=0
[18:58:03] STATUS: done=9 failed=0 alive=12/12 finished=0
[18:58:31] worker4: OK badlands-news-brief-1a0.md in 1221s (48 pages cite it)
[18:58:33] STATUS: done=10 failed=0 alive=12/12 finished=0
[18:58:33] worker4: claimed badlands-news-brief-201.md
[18:58:51] worker8: OK badlands-news-brief-1c8.md in 1239s (33 pages cite it)
[18:58:54] worker8: claimed badlands-news-brief-204.md
[18:59:03] STATUS: done=11 failed=0 alive=12/12 finished=0
[18:59:33] STATUS: done=11 failed=0 alive=12/12 finished=0
[19:00:03] STATUS: done=11 failed=0 alive=12/12 finished=0
[19:00:33] STATUS: done=11 failed=0 alive=12/12 finished=0
[19:00:45] worker6: OK badlands-news-brief-1e2.md in 414s (24 pages cite it)
[19:00:48] worker6: claimed badlands-news-brief-208.md
[19:01:03] STATUS: done=12 failed=0 alive=12/12 finished=0
[19:01:33] STATUS: done=12 failed=0 alive=12/12 finished=0
[19:02:03] STATUS: done=12 failed=0 alive=12/12 finished=0
[19:02:33] STATUS: done=12 failed=0 alive=12/12 finished=0
[19:02:39] worker7: OK badlands-news-brief-1e0.md in 544s (16 pages cite it)
[19:02:42] worker7: claimed badlands-news-brief-214.md
[19:03:03] STATUS: done=13 failed=0 alive=12/12 finished=0
[19:03:33] STATUS: done=13 failed=0 alive=12/12 finished=0
[19:04:03] STATUS: done=13 failed=0 alive=12/12 finished=0
[19:04:33] STATUS: done=13 failed=0 alive=12/12 finished=0
[19:05:03] STATUS: done=13 failed=0 alive=12/12 finished=0
[19:05:33] STATUS: done=13 failed=0 alive=12/12 finished=0
[19:06:03] STATUS: done=13 failed=0 alive=12/12 finished=0
[19:06:05] worker0: OK badlands-news-brief-1cd.md in 950s (17 pages cite it)
[19:06:07] worker0: claimed badlands-news-brief-215.md
[19:06:32] worker1: OK badlands-news-brief-1d1.md in 903s (29 pages cite it)
[19:06:33] STATUS: done=15 failed=0 alive=12/12 finished=0
[19:06:34] worker1: claimed badlands-news-brief-220.md
[19:07:03] STATUS: done=15 failed=0 alive=12/12 finished=0
[19:07:33] STATUS: done=15 failed=0 alive=12/12 finished=0
[19:08:01] worker9: OK badlands-news-brief-1cc.md in 1077s (28 pages cite it)
[19:08:03] STATUS: done=16 failed=0 alive=12/12 finished=0
[19:08:04] worker9: claimed badlands-news-brief-222.md
[19:08:33] STATUS: done=16 failed=0 alive=12/12 finished=0
[19:09:03] STATUS: done=16 failed=0 alive=12/12 finished=0
[19:09:33] STATUS: done=16 failed=0 alive=12/12 finished=0
[19:10:03] STATUS: done=16 failed=0 alive=12/12 finished=0
[19:10:33] STATUS: done=16 failed=0 alive=12/12 finished=0
[19:11:03] STATUS: done=16 failed=0 alive=12/12 finished=0
[19:11:03] worker1: OK badlands-news-brief-220.md in 266s (10 pages cite it)
[19:11:05] worker3: OK badlands-news-brief-1f2.md in 816s (22 pages cite it)
[19:11:05] worker1: claimed badlands-news-brief-228.md
[19:11:07] worker3: claimed badlands-news-brief-22b.md
[19:11:33] STATUS: done=18 failed=0 alive=12/12 finished=0
[19:12:03] STATUS: done=18 failed=0 alive=12/12 finished=0
[19:12:33] STATUS: done=18 failed=0 alive=12/12 finished=0
[19:12:41] worker10: OK badlands-news-brief-1a7.md in 2073s (32 pages cite it)
[19:12:44] worker10: claimed badlands-news-brief-238.md
[19:13:03] STATUS: done=19 failed=0 alive=12/12 finished=0
[19:13:33] STATUS: done=19 failed=0 alive=12/12 finished=0
[19:14:03] STATUS: done=19 failed=0 alive=12/12 finished=0
[19:14:33] STATUS: done=19 failed=0 alive=12/12 finished=0
[19:15:03] STATUS: done=19 failed=0 alive=12/12 finished=0
[19:15:33] STATUS: done=19 failed=0 alive=12/12 finished=0
[19:15:50] worker5: OK badlands-news-brief-1d7.md in 1423s (23 pages cite it)
[19:15:52] worker5: claimed badlands-news-brief-243.md
[19:16:03] STATUS: done=20 failed=0 alive=12/12 finished=0
[19:16:33] STATUS: done=20 failed=0 alive=12/12 finished=0
[19:17:03] STATUS: done=20 failed=0 alive=12/12 finished=0
[19:17:33] STATUS: done=20 failed=0 alive=12/12 finished=0
[19:17:34] worker6: OK badlands-news-brief-208.md in 1004s (24 pages cite it)
[19:17:35] worker5: FAIL badlands-news-brief-243.md in 100s rc=0 report=None cited=0 rate_limit=False backoff=30s
[19:17:35]   stderr: 
[19:17:35]   stdout tail: project, peta, china-institute-of-atomic-energy, us-court-of-international-trade, bitcoin

Try rephrasing the request, narrowing the context, or adding a fallback provider with `hermes fallback add`.
[19:17:36] worker6: claimed badlands-news-brief-243.md
[19:18:03] STATUS: done=21 failed=1 alive=12/12 finished=0
[19:18:08] worker5: claimed badlands-news-brief-24e.md
[19:18:20] worker3: OK badlands-news-brief-22b.md in 430s (17 pages cite it)
[19:18:22] worker3: claimed badlands-news-brief-252.md
[19:18:33] STATUS: done=22 failed=1 alive=12/12 finished=0
[19:19:03] STATUS: done=22 failed=1 alive=12/12 finished=0
[19:19:28] worker6: FAIL badlands-news-brief-243.md in 108s rc=0 report=None cited=0 rate_limit=False backoff=30s
[19:19:28]   stderr: 
[19:19:28]   stdout tail: Response truncated due to output length limit
[19:19:33] STATUS: done=22 failed=2 alive=12/12 finished=0
[19:20:03] STATUS: done=22 failed=2 alive=12/12 finished=0
[19:20:13] worker9: OK badlands-news-brief-222.md in 726s (39 pages cite it)
[19:20:16] worker9: claimed badlands-news-brief-243.md
[19:20:17] worker6: claimed badlands-news-brief-254.md
[19:20:33] STATUS: done=23 failed=2 alive=12/12 finished=0
[19:20:52] worker11: OK badlands-news-brief-1ed.md in 1442s (52 pages cite it)
[19:20:55] worker11: claimed badlands-news-brief-25e.md
[19:21:03] STATUS: done=24 failed=2 alive=12/12 finished=0
[19:21:33] STATUS: done=24 failed=2 alive=12/12 finished=0
[19:22:03] STATUS: done=24 failed=2 alive=12/12 finished=0
[19:22:14] worker10: OK badlands-news-brief-238.md in 569s (15 pages cite it)
[19:22:16] worker10: claimed badlands-news-brief-25f.md
[19:22:33] STATUS: done=25 failed=2 alive=12/12 finished=0
[19:23:03] STATUS: done=25 failed=2 alive=12/12 finished=0
[19:23:33] STATUS: done=25 failed=2 alive=12/12 finished=0
[19:24:03] STATUS: done=25 failed=2 alive=12/12 finished=0
[19:24:33] STATUS: done=25 failed=2 alive=12/12 finished=0
[19:25:03] STATUS: done=25 failed=2 alive=12/12 finished=0
[19:25:32] worker6: OK badlands-news-brief-254.md in 312s (14 pages cite it)
[19:25:33] STATUS: done=26 failed=2 alive=12/12 finished=0
[19:25:34] worker6: claimed badlands-news-brief-264.md
[19:25:42] worker1: OK badlands-news-brief-228.md in 874s (38 pages cite it)
[19:25:45] worker1: claimed badlands-news-brief-26c.md
[19:25:47] worker4: OK badlands-news-brief-201.md in 1631s (39 pages cite it)
[19:25:50] worker4: claimed badlands-news-brief-26f.md
[19:26:03] STATUS: done=28 failed=2 alive=12/12 finished=0
[19:26:33] STATUS: done=28 failed=2 alive=12/12 finished=0
[19:27:03] STATUS: done=28 failed=2 alive=12/12 finished=0
[19:27:33] STATUS: done=28 failed=2 alive=12/12 finished=0
[19:28:03] STATUS: done=28 failed=2 alive=12/12 finished=0
[19:28:33] STATUS: done=28 failed=2 alive=12/12 finished=0
[19:28:58] worker8: OK badlands-news-brief-204.md in 1801s (35 pages cite it)
[19:29:00] worker8: claimed badlands-news-brief-275.md
[19:29:03] STATUS: done=29 failed=2 alive=12/12 finished=0
[19:29:33] STATUS: done=29 failed=2 alive=12/12 finished=0
[19:30:03] STATUS: done=29 failed=2 alive=12/12 finished=0
[19:30:22] worker2: OK badlands-news-brief-1e6.md in 2170s (33 pages cite it)
[19:30:24] worker2: claimed badlands-news-brief-276.md
[19:30:31] worker11: OK badlands-news-brief-25e.md in 574s (12 pages cite it)
[19:30:33] STATUS: done=31 failed=2 alive=12/12 finished=0
[19:30:34] worker11: claimed badlands-news-brief-27c.md
[19:31:03] STATUS: done=31 failed=2 alive=12/12 finished=0
[19:31:33] STATUS: done=31 failed=2 alive=12/12 finished=0
[19:32:03] STATUS: done=31 failed=2 alive=12/12 finished=0
[19:32:33] STATUS: done=31 failed=2 alive=12/12 finished=0
[19:33:03] STATUS: done=31 failed=2 alive=12/12 finished=0
[19:33:33] STATUS: done=31 failed=2 alive=12/12 finished=0
[19:34:02] worker8: OK badlands-news-brief-275.md in 300s (13 pages cite it)
[19:34:03] STATUS: done=32 failed=2 alive=12/12 finished=0
[19:34:04] worker8: claimed badlands-news-brief-280.md
[19:34:33] STATUS: done=32 failed=2 alive=12/12 finished=0
[19:35:03] STATUS: done=32 failed=2 alive=12/12 finished=0
[19:35:33] STATUS: done=32 failed=2 alive=12/12 finished=0
[19:36:03] STATUS: done=32 failed=2 alive=12/12 finished=0
[19:36:33] STATUS: done=32 failed=2 alive=12/12 finished=0
[19:37:03] STATUS: done=32 failed=2 alive=12/12 finished=0
[19:37:33] STATUS: done=32 failed=2 alive=12/12 finished=0
[19:38:03] STATUS: done=32 failed=2 alive=12/12 finished=0
[19:38:06] worker4: OK badlands-news-brief-26f.md in 734s (27 pages cite it)
[19:38:09] worker4: claimed badlands-news-brief-28e.md
[19:38:33] STATUS: done=33 failed=2 alive=12/12 finished=0
[19:39:03] STATUS: done=33 failed=2 alive=12/12 finished=0
[19:39:15] worker0: OK badlands-news-brief-215.md in 1986s (18 pages cite it)
[19:39:17] worker0: claimed badlands-news-brief-290.md
[19:39:33] STATUS: done=34 failed=2 alive=12/12 finished=0
[19:39:38] worker1: OK badlands-news-brief-26c.md in 831s (18 pages cite it)
[19:39:41] worker1: claimed badlands-news-brief-298.md
[19:40:03] STATUS: done=35 failed=2 alive=12/12 finished=0
[19:40:33] STATUS: done=35 failed=2 alive=12/12 finished=0
[19:40:42] worker9: OK badlands-news-brief-243.md in 1225s (15 pages cite it)
[19:40:44] worker9: claimed badlands-news-brief-299.md
[19:41:03] STATUS: done=36 failed=2 alive=12/12 finished=0
[19:41:33] STATUS: done=36 failed=2 alive=12/12 finished=0
[19:41:41] worker7: OK badlands-news-brief-214.md in 2337s (21 pages cite it)
[19:41:43] worker7: claimed badlands-news-brief-2a0.md
[19:42:03] STATUS: done=37 failed=2 alive=12/12 finished=0
[19:42:33] STATUS: done=37 failed=2 alive=12/12 finished=0
[19:43:03] STATUS: done=37 failed=2 alive=12/12 finished=0
[19:43:33] STATUS: done=37 failed=2 alive=12/12 finished=0
[19:44:03] STATUS: done=37 failed=2 alive=12/12 finished=0
[19:44:33] STATUS: done=37 failed=2 alive=12/12 finished=0
[19:44:47] worker3: OK badlands-news-brief-252.md in 1584s (15 pages cite it)
[19:44:50] worker3: claimed badlands-news-brief-2a2.md
[19:45:03] STATUS: done=38 failed=2 alive=12/12 finished=0
[19:45:23] worker2: OK badlands-news-brief-276.md in 898s (14 pages cite it)
[19:45:26] worker2: claimed badlands-news-brief-2a9.md
[19:45:33] STATUS: done=39 failed=2 alive=12/12 finished=0
[19:46:03] STATUS: done=39 failed=2 alive=12/12 finished=0
[19:46:33] STATUS: done=39 failed=2 alive=12/12 finished=0
[19:47:03] STATUS: done=39 failed=2 alive=12/12 finished=0
[19:47:33] STATUS: done=39 failed=2 alive=12/12 finished=0
[19:48:00] worker8: OK badlands-news-brief-280.md in 833s (13 pages cite it)
[19:48:03] worker8: claimed badlands-news-brief-2ad.md
[19:48:03] STATUS: done=40 failed=2 alive=12/12 finished=0
[19:48:33] STATUS: done=40 failed=2 alive=12/12 finished=0
[19:48:37] worker1: OK badlands-news-brief-298.md in 535s (19 pages cite it)
[19:48:40] worker1: claimed badlands-news-brief-2b1.md
[19:49:03] STATUS: done=41 failed=2 alive=12/12 finished=0
[19:49:33] STATUS: done=41 failed=2 alive=12/12 finished=0
[19:50:03] STATUS: done=41 failed=2 alive=12/12 finished=0
[19:50:29] worker9: OK badlands-news-brief-299.md in 581s (18 pages cite it)
[19:50:32] worker9: claimed badlands-news-brief-2b8.md
[19:50:33] STATUS: done=42 failed=2 alive=12/12 finished=0
[19:51:03] STATUS: done=42 failed=2 alive=12/12 finished=0
[19:51:20] worker10: OK badlands-news-brief-25f.md in 1741s (40 pages cite it)
[19:51:22] worker10: claimed badlands-news-brief-2ca.md
[19:51:33] STATUS: done=43 failed=2 alive=12/12 finished=0
[19:51:33] worker5: OK badlands-news-brief-24e.md in 2003s (25 pages cite it)
[19:51:36] worker5: claimed badlands-news-brief-2cb.md
[19:52:03] STATUS: done=44 failed=2 alive=12/12 finished=0
[19:52:06] worker11: OK badlands-news-brief-27c.md in 1290s (41 pages cite it)
[19:52:08] worker11: claimed badlands-news-brief-2d2.md
[19:52:20] worker6: OK badlands-news-brief-264.md in 1603s (63 pages cite it)
[19:52:22] worker6: claimed badlands-news-brief-2d5.md
[19:52:33] STATUS: done=46 failed=2 alive=12/12 finished=0
[19:53:01] worker3: OK badlands-news-brief-2a2.md in 489s (22 pages cite it)
[19:53:03] STATUS: done=47 failed=2 alive=12/12 finished=0
[19:53:03] worker3: claimed badlands-news-brief-2db.md
[19:53:33] STATUS: done=47 failed=2 alive=12/12 finished=0
[19:53:39] worker0: OK badlands-news-brief-290.md in 860s (25 pages cite it)
[19:53:41] worker0: claimed badlands-news-brief-2dc.md
[19:53:50] worker1: OK badlands-news-brief-2b1.md in 308s (4 pages cite it)
[19:53:52] worker1: claimed badlands-news-brief-2e4.md
[19:54:03] STATUS: done=49 failed=2 alive=12/12 finished=0
[19:54:33] STATUS: done=49 failed=2 alive=12/12 finished=0
[19:55:03] STATUS: done=49 failed=2 alive=12/12 finished=0
[19:55:14] worker2: OK badlands-news-brief-2a9.md in 587s (21 pages cite it)
[19:55:16] worker2: claimed badlands-news-brief-2e7.md
[19:55:33] STATUS: done=50 failed=2 alive=12/12 finished=0
[19:56:03] STATUS: done=50 failed=2 alive=12/12 finished=0
[19:56:33] STATUS: done=50 failed=2 alive=12/12 finished=0
[19:57:03] STATUS: done=50 failed=2 alive=12/12 finished=0
[19:57:33] STATUS: done=50 failed=2 alive=12/12 finished=0
[19:58:03] STATUS: done=50 failed=2 alive=12/12 finished=0
[19:58:33] STATUS: done=50 failed=2 alive=12/12 finished=0
[19:58:55] worker9: OK badlands-news-brief-2b8.md in 500s (15 pages cite it)
[19:58:58] worker9: claimed badlands-news-brief-2e8.md
[19:59:03] STATUS: done=51 failed=2 alive=12/12 finished=0
[19:59:33] STATUS: done=51 failed=2 alive=12/12 finished=0
[20:00:03] STATUS: done=51 failed=2 alive=12/12 finished=0
[20:00:33] STATUS: done=51 failed=2 alive=12/12 finished=0
[20:01:03] STATUS: done=51 failed=2 alive=12/12 finished=0
[20:01:33] STATUS: done=51 failed=2 alive=12/12 finished=0
[20:02:03] STATUS: done=51 failed=2 alive=12/12 finished=0
[20:02:19] worker5: OK badlands-news-brief-2cb.md in 640s (24 pages cite it)
[20:02:22] worker5: claimed badlands-news-brief-2f2.md
[20:02:33] STATUS: done=52 failed=2 alive=12/12 finished=0
[20:03:03] STATUS: done=52 failed=2 alive=12/12 finished=0
[20:03:33] STATUS: done=52 failed=2 alive=12/12 finished=0
[20:04:03] STATUS: done=52 failed=2 alive=12/12 finished=0
[20:04:33] STATUS: done=52 failed=2 alive=12/12 finished=0
[20:05:03] STATUS: done=52 failed=2 alive=12/12 finished=0
[20:05:33] STATUS: done=52 failed=2 alive=12/12 finished=0
[20:06:03] STATUS: done=52 failed=2 alive=12/12 finished=0
[20:06:33] STATUS: done=52 failed=2 alive=12/12 finished=0
[20:06:39] worker7: OK badlands-news-brief-2a0.md in 1494s (28 pages cite it)
[20:06:42] worker7: claimed badlands-news-brief-2f5.md
[20:07:00] worker1: OK badlands-news-brief-2e4.md in 785s (28 pages cite it)
[20:07:03] worker1: claimed badlands-news-brief-2f8.md
[20:07:03] STATUS: done=54 failed=2 alive=12/12 finished=0
[20:07:33] STATUS: done=54 failed=2 alive=12/12 finished=0
[20:08:03] STATUS: done=54 failed=2 alive=12/12 finished=0
[20:08:33] STATUS: done=54 failed=2 alive=12/12 finished=0
[20:09:03] STATUS: done=54 failed=2 alive=12/12 finished=0
[20:09:17] worker2: OK badlands-news-brief-2e7.md in 837s (16 pages cite it)
[20:09:19] worker2: claimed badlands-news-brief-301.md
[20:09:33] STATUS: done=55 failed=2 alive=12/12 finished=0
[20:10:03] STATUS: done=55 failed=2 alive=12/12 finished=0
[20:10:30] worker9: OK badlands-news-brief-2e8.md in 691s (15 pages cite it)
[20:10:33] worker9: claimed badlands-news-brief-306.md
[20:10:33] STATUS: done=56 failed=2 alive=12/12 finished=0
[20:10:49] worker8: OK badlands-news-brief-2ad.md in 1363s (31 pages cite it)
[20:10:52] worker8: claimed badlands-news-brief-311.md
[20:10:58] worker11: OK badlands-news-brief-2d2.md in 1128s (22 pages cite it)
[20:11:01] worker11: claimed badlands-news-brief-316.md
[20:11:03] STATUS: done=58 failed=2 alive=12/12 finished=0
[20:11:20] worker3: OK badlands-news-brief-2db.md in 1094s (41 pages cite it)
[20:11:22] worker3: claimed badlands-news-brief-319.md
[20:11:29] worker10: OK badlands-news-brief-2ca.md in 1203s (17 pages cite it)
[20:11:31] worker10: claimed badlands-news-brief-31b.md
[20:11:32] worker9: FAIL badlands-news-brief-306.md in 53s rc=0 report=None cited=0 rate_limit=False backoff=30s
[20:11:32]   stderr: 
[20:11:32]   stdout tail: uest (safety refusal — not a Hermes/gateway failure).

Model's explanation: 你好，我无法给到相关内容。

Try rephrasing the request, narrowing the context, or adding a fallback provider with `hermes fallback add`.
[20:11:33] STATUS: done=60 failed=3 alive=12/12 finished=0
[20:12:03] STATUS: done=60 failed=3 alive=12/12 finished=0
[20:12:33] STATUS: done=60 failed=3 alive=12/12 finished=0
[20:12:47] worker1: OK badlands-news-brief-2f8.md in 343s (18 pages cite it)
[20:12:50] worker1: claimed badlands-news-brief-306.md
[20:12:51] worker9: claimed badlands-news-brief-321.md
[20:12:57] worker0: OK badlands-news-brief-2dc.md in 1153s (23 pages cite it)
[20:13:00] worker0: claimed badlands-news-brief-322.md
[20:13:03] STATUS: done=62 failed=3 alive=12/12 finished=0
[20:13:33] STATUS: done=62 failed=3 alive=12/12 finished=0
[20:14:03] STATUS: done=62 failed=3 alive=12/12 finished=0
[20:14:33] STATUS: done=62 failed=3 alive=12/12 finished=0
[20:15:02] worker4: OK badlands-news-brief-28e.md in 2212s (30 pages cite it)
[20:15:03] STATUS: done=63 failed=3 alive=12/12 finished=0
[20:15:05] worker4: claimed badlands-news-brief-324.md
[20:15:33] STATUS: done=63 failed=3 alive=12/12 finished=0
[20:16:03] STATUS: done=63 failed=3 alive=12/12 finished=0
[20:16:33] STATUS: done=63 failed=3 alive=12/12 finished=0
[20:17:03] STATUS: done=63 failed=3 alive=12/12 finished=0
[20:17:16] worker6: OK badlands-news-brief-2d5.md in 1489s (26 pages cite it)
[20:17:18] worker6: claimed badlands-news-brief-32c.md
[20:17:33] STATUS: done=64 failed=3 alive=12/12 finished=0
[20:18:03] STATUS: done=64 failed=3 alive=12/12 finished=0
[20:18:28] worker2: OK badlands-news-brief-301.md in 546s (11 pages cite it)
[20:18:31] worker2: claimed badlands-news-brief-32d.md
[20:18:33] STATUS: done=65 failed=3 alive=12/12 finished=0
[20:19:03] STATUS: done=65 failed=3 alive=12/12 finished=0
[20:19:20] worker10: OK badlands-news-brief-31b.md in 466s (25 pages cite it)
[20:19:22] worker3: OK badlands-news-brief-319.md in 476s (8 pages cite it)
[20:19:23] worker10: claimed badlands-news-brief-32e.md
[20:19:24] worker3: claimed badlands-news-brief-33b.md
[20:19:33] STATUS: done=67 failed=3 alive=12/12 finished=0
[20:20:03] STATUS: done=67 failed=3 alive=12/12 finished=0
[20:20:33] STATUS: done=67 failed=3 alive=12/12 finished=0
[20:21:03] STATUS: done=67 failed=3 alive=12/12 finished=0
[20:21:33] STATUS: done=67 failed=3 alive=12/12 finished=0
[20:22:03] STATUS: done=67 failed=3 alive=12/12 finished=0
[20:22:23] worker7: OK badlands-news-brief-2f5.md in 939s (25 pages cite it)
[20:22:26] worker7: claimed badlands-news-brief-34a.md
[20:22:33] STATUS: done=68 failed=3 alive=12/12 finished=0
[20:23:03] STATUS: done=68 failed=3 alive=12/12 finished=0
[20:23:33] STATUS: done=68 failed=3 alive=12/12 finished=0
[20:24:03] STATUS: done=68 failed=3 alive=12/12 finished=0
[20:24:33] STATUS: done=68 failed=3 alive=12/12 finished=0
[20:25:03] STATUS: done=68 failed=3 alive=12/12 finished=0
[20:25:21] worker1: OK badlands-news-brief-306.md in 748s (25 pages cite it)
[20:25:24] worker1: claimed badlands-news-brief-351.md
[20:25:33] STATUS: done=69 failed=3 alive=12/12 finished=0
[20:25:45] worker11: OK badlands-news-brief-316.md in 881s (19 pages cite it)
[20:25:47] worker11: claimed badlands-news-brief-355.md
[20:26:03] STATUS: done=70 failed=3 alive=12/12 finished=0
[20:26:33] STATUS: done=70 failed=3 alive=12/12 finished=0
[20:27:03] STATUS: done=70 failed=3 alive=12/12 finished=0
[20:27:33] worker0: OK badlands-news-brief-322.md in 871s (21 pages cite it)
[20:27:33] STATUS: done=71 failed=3 alive=12/12 finished=0
[20:27:35] worker0: claimed badlands-news-brief-356.md
[20:28:03] STATUS: done=71 failed=3 alive=12/12 finished=0
[20:28:31] worker10: OK badlands-news-brief-32e.md in 546s (17 pages cite it)
[20:28:33] STATUS: done=72 failed=3 alive=12/12 finished=0
[20:28:34] worker10: claimed badlands-news-brief-357.md
[20:29:03] STATUS: done=72 failed=3 alive=12/12 finished=0
[20:29:33] STATUS: done=72 failed=3 alive=12/12 finished=0
[20:29:45] worker8: OK badlands-news-brief-311.md in 1131s (21 pages cite it)
[20:29:47] worker8: claimed badlands-news-brief-360.md
[20:29:55] worker5: OK badlands-news-brief-2f2.md in 1651s (33 pages cite it)
[20:29:58] worker5: claimed badlands-news-brief-362.md
[20:30:03] worker7: OK badlands-news-brief-34a.md in 454s (23 pages cite it)
[20:30:03] STATUS: done=75 failed=3 alive=12/12 finished=0
[20:30:05] worker7: claimed badlands-news-brief-363.md
[20:30:33] STATUS: done=75 failed=3 alive=12/12 finished=0
[20:30:40] worker4: OK badlands-news-brief-324.md in 933s (36 pages cite it)
[20:30:43] worker4: claimed badlands-news-brief-364.md
[20:31:03] STATUS: done=76 failed=3 alive=12/12 finished=0
[20:31:33] STATUS: done=76 failed=3 alive=12/12 finished=0
[20:32:03] STATUS: done=76 failed=3 alive=12/12 finished=0
[20:32:33] STATUS: done=76 failed=3 alive=12/12 finished=0
[20:33:03] STATUS: done=76 failed=3 alive=12/12 finished=0
[20:33:33] STATUS: done=76 failed=3 alive=12/12 finished=0
[20:33:46] worker9: OK badlands-news-brief-321.md in 1253s (21 pages cite it)
[20:33:49] worker9: claimed badlands-news-brief-365.md
[20:34:03] STATUS: done=77 failed=3 alive=12/12 finished=0
[20:34:33] STATUS: done=77 failed=3 alive=12/12 finished=0
[20:35:03] STATUS: done=77 failed=3 alive=12/12 finished=0
[20:35:08] worker11: OK badlands-news-brief-355.md in 558s (14 pages cite it)
[20:35:10] worker11: claimed badlands-news-brief-36a.md
[20:35:33] STATUS: done=78 failed=3 alive=12/12 finished=0
[20:36:03] STATUS: done=78 failed=3 alive=12/12 finished=0
[20:36:03] worker0: OK badlands-news-brief-356.md in 505s (22 pages cite it)
[20:36:06] worker0: claimed badlands-news-brief-373.md
[20:36:31] worker1: OK badlands-news-brief-351.md in 665s (37 pages cite it)
[20:36:33] STATUS: done=80 failed=3 alive=12/12 finished=0
[20:36:33] worker1: claimed badlands-news-brief-378.md
[20:37:03] STATUS: done=80 failed=3 alive=12/12 finished=0
[20:37:33] STATUS: done=80 failed=3 alive=12/12 finished=0
[20:38:03] STATUS: done=80 failed=3 alive=12/12 finished=0
[20:38:27] worker5: OK badlands-news-brief-362.md in 507s (40 pages cite it)
[20:38:30] worker5: claimed badlands-news-brief-37f.md
[20:38:33] STATUS: done=81 failed=3 alive=12/12 finished=0
[20:39:03] STATUS: done=81 failed=3 alive=12/12 finished=0
[20:39:10] worker3: OK badlands-news-brief-33b.md in 1184s (28 pages cite it)
[20:39:13] worker3: claimed badlands-news-brief-384.md
[20:39:33] STATUS: done=82 failed=3 alive=12/12 finished=0
[20:39:36] worker6: OK badlands-news-brief-32c.md in 1336s (27 pages cite it)
[20:39:39] worker6: claimed badlands-news-brief-38a.md
[20:40:03] STATUS: done=83 failed=3 alive=12/12 finished=0
[20:40:30] worker2: OK badlands-news-brief-32d.md in 1317s (21 pages cite it)
[20:40:32] worker7: OK badlands-news-brief-363.md in 626s (26 pages cite it)
[20:40:32] worker2: claimed badlands-news-brief-363.md
[20:40:33] STATUS: done=85 failed=3 alive=12/12 finished=0
[20:40:35] worker7: claimed badlands-news-brief-38f.md
[20:41:03] STATUS: done=85 failed=3 alive=12/12 finished=0
[20:41:33] STATUS: done=85 failed=3 alive=12/12 finished=0
[20:42:03] STATUS: done=85 failed=3 alive=12/12 finished=0
[20:42:33] STATUS: done=85 failed=3 alive=12/12 finished=0
[20:43:03] STATUS: done=85 failed=3 alive=12/12 finished=0
[20:43:33] STATUS: done=85 failed=3 alive=12/12 finished=0
[20:44:03] STATUS: done=85 failed=3 alive=12/12 finished=0
[20:44:09] worker8: OK badlands-news-brief-360.md in 858s (14 pages cite it)
[20:44:11] worker8: claimed badlands-news-brief-397.md
[20:44:15] worker4: OK badlands-news-brief-364.md in 810s (22 pages cite it)
[20:44:17] worker4: claimed badlands-news-brief-398.md
[20:44:33] STATUS: done=87 failed=3 alive=12/12 finished=0
[20:45:03] STATUS: done=87 failed=3 alive=12/12 finished=0
[20:45:33] STATUS: done=87 failed=3 alive=12/12 finished=0
[20:46:03] STATUS: done=87 failed=3 alive=12/12 finished=0
[20:46:33] STATUS: done=87 failed=3 alive=12/12 finished=0
[20:46:45] worker2: OK badlands-news-brief-363.md in 371s (33 pages cite it)
[20:46:48] worker2: claimed badlands-news-brief-3a5.md
[20:47:03] STATUS: done=88 failed=3 alive=12/12 finished=0
[20:47:30] worker9: OK badlands-news-brief-365.md in 819s (18 pages cite it)
[20:47:32] worker9: claimed badlands-news-brief-3ab.md
[20:47:33] STATUS: done=89 failed=3 alive=12/12 finished=0
[20:48:03] STATUS: done=89 failed=3 alive=12/12 finished=0
[20:48:24] worker0: OK badlands-news-brief-373.md in 736s (15 pages cite it)
[20:48:26] worker0: claimed badlands-news-brief-3ae.md
[20:48:33] STATUS: done=90 failed=3 alive=12/12 finished=0
[20:48:40] worker5: OK badlands-news-brief-37f.md in 608s (15 pages cite it)
[20:48:43] worker5: claimed badlands-news-brief-3b0.md
[20:48:44] worker7: OK badlands-news-brief-38f.md in 486s (10 pages cite it)
[20:48:46] worker7: claimed badlands-news-brief-3b2.md
[20:49:03] STATUS: done=92 failed=3 alive=12/12 finished=0
[20:49:33] STATUS: done=92 failed=3 alive=12/12 finished=0
[20:50:03] STATUS: done=92 failed=3 alive=12/12 finished=0
[20:50:33] STATUS: done=92 failed=3 alive=12/12 finished=0
[20:51:03] STATUS: done=92 failed=3 alive=12/12 finished=0
[20:51:33] STATUS: done=92 failed=3 alive=12/12 finished=0
[20:52:03] STATUS: done=92 failed=3 alive=12/12 finished=0
[20:52:33] STATUS: done=92 failed=3 alive=12/12 finished=0
[20:52:44] worker6: OK badlands-news-brief-38a.md in 781s (14 pages cite it)
[20:52:46] worker6: claimed badlands-news-brief-3bc.md
[20:53:03] STATUS: done=93 failed=3 alive=12/12 finished=0
[20:53:33] STATUS: done=93 failed=3 alive=12/12 finished=0
[20:54:03] STATUS: done=93 failed=3 alive=12/12 finished=0
[20:54:33] STATUS: done=93 failed=3 alive=12/12 finished=0
[20:55:03] STATUS: done=93 failed=3 alive=12/12 finished=0
[20:55:33] STATUS: done=93 failed=3 alive=12/12 finished=0
[20:55:38] worker11: OK badlands-news-brief-36a.md in 1224s (23 pages cite it)
[20:55:41] worker11: claimed badlands-news-brief-3c0.md
[20:56:03] STATUS: done=94 failed=3 alive=12/12 finished=0
[20:56:10] worker10: OK badlands-news-brief-357.md in 1652s (41 pages cite it)
[20:56:13] worker10: claimed badlands-news-brief-3c1.md
[20:56:33] STATUS: done=95 failed=3 alive=12/12 finished=0
[20:57:03] STATUS: done=95 failed=3 alive=12/12 finished=0
[20:57:08] worker4: OK badlands-news-brief-398.md in 770s (14 pages cite it)
[20:57:10] worker4: claimed badlands-news-brief-3c3.md
[20:57:33] STATUS: done=96 failed=3 alive=12/12 finished=0
[20:58:03] STATUS: done=96 failed=3 alive=12/12 finished=0
[20:58:33] STATUS: done=96 failed=3 alive=12/12 finished=0
[20:59:03] STATUS: done=96 failed=3 alive=12/12 finished=0
[20:59:33] STATUS: done=96 failed=3 alive=12/12 finished=0
[20:59:46] worker9: OK badlands-news-brief-3ab.md in 731s (28 pages cite it)
[20:59:48] worker9: claimed badlands-news-brief-3d2.md
[21:00:03] STATUS: done=97 failed=3 alive=12/12 finished=0
[21:00:33] STATUS: done=97 failed=3 alive=12/12 finished=0
[21:01:03] STATUS: done=97 failed=3 alive=12/12 finished=0
[21:01:03] worker5: OK badlands-news-brief-3b0.md in 738s (19 pages cite it)
[21:01:06] worker5: claimed badlands-news-brief-3df.md
[21:01:19] worker3: OK badlands-news-brief-384.md in 1323s (22 pages cite it)
[21:01:21] worker3: claimed badlands-news-brief-3e5.md
[21:01:33] STATUS: done=99 failed=3 alive=12/12 finished=0
[21:01:38] worker8: OK badlands-news-brief-397.md in 1045s (17 pages cite it)
[21:01:41] worker8: claimed badlands-news-brief-3e8.md
[21:02:03] STATUS: done=100 failed=3 alive=12/12 finished=0
[21:02:33] STATUS: done=100 failed=3 alive=12/12 finished=0
[21:03:01] worker6: OK badlands-news-brief-3bc.md in 613s (17 pages cite it)
[21:03:03] STATUS: done=101 failed=3 alive=12/12 finished=0
[21:03:04] worker6: claimed badlands-news-brief-3f0.md
[21:03:33] STATUS: done=101 failed=3 alive=12/12 finished=0
[21:03:58] worker1: OK badlands-news-brief-378.md in 1642s (60 pages cite it)
[21:04:01] worker1: claimed badlands-news-brief-3f5.md
[21:04:03] STATUS: done=102 failed=3 alive=12/12 finished=0
[21:04:07] worker10: OK badlands-news-brief-3c1.md in 472s (12 pages cite it)
[21:04:10] worker10: claimed badlands-news-brief-3f8.md
[21:04:33] STATUS: done=103 failed=3 alive=12/12 finished=0
[21:05:03] STATUS: done=103 failed=3 alive=12/12 finished=0
[21:05:33] STATUS: done=103 failed=3 alive=12/12 finished=0
[21:06:03] STATUS: done=103 failed=3 alive=12/12 finished=0
[21:06:33] STATUS: done=103 failed=3 alive=12/12 finished=0
[21:07:03] STATUS: done=103 failed=3 alive=12/12 finished=0
[21:07:33] STATUS: done=103 failed=3 alive=12/12 finished=0
[21:07:54] worker2: OK badlands-news-brief-3a5.md in 1264s (42 pages cite it)
[21:07:57] worker2: claimed badlands-news-brief-409.md
[21:08:03] STATUS: done=104 failed=3 alive=12/12 finished=0
[21:08:33] STATUS: done=104 failed=3 alive=12/12 finished=0
[21:08:52] worker7: OK badlands-news-brief-3b2.md in 1204s (20 pages cite it)
[21:08:54] worker7: claimed badlands-news-brief-410.md
[21:09:03] STATUS: done=105 failed=3 alive=12/12 finished=0
[21:09:33] STATUS: done=105 failed=3 alive=12/12 finished=0
[21:10:03] STATUS: done=105 failed=3 alive=12/12 finished=0
[21:10:33] STATUS: done=105 failed=3 alive=12/12 finished=0
[21:10:37] worker11: OK badlands-news-brief-3c0.md in 892s (20 pages cite it)
[21:10:41] worker11: claimed badlands-news-brief-41f.md
[21:11:03] STATUS: done=106 failed=3 alive=12/12 finished=0
[21:11:16] worker6: OK badlands-news-brief-3f0.md in 491s (23 pages cite it)
[21:11:19] worker6: claimed badlands-news-brief-420.md
[21:11:33] STATUS: done=107 failed=3 alive=12/12 finished=0
[21:12:03] STATUS: done=107 failed=3 alive=12/12 finished=0
[21:12:33] STATUS: done=107 failed=3 alive=12/12 finished=0
[21:12:35] worker8: OK badlands-news-brief-3e8.md in 652s (28 pages cite it)
[21:12:37] worker8: claimed badlands-news-brief-421.md
[21:13:03] STATUS: done=108 failed=3 alive=12/12 finished=0
[21:13:29] worker1: OK badlands-news-brief-3f5.md in 565s (12 pages cite it)
[21:13:31] worker1: claimed badlands-news-brief-423.md
[21:13:33] STATUS: done=109 failed=3 alive=12/12 finished=0
[21:14:03] STATUS: done=109 failed=3 alive=12/12 finished=0
[21:14:33] STATUS: done=109 failed=3 alive=12/12 finished=0
[21:15:03] STATUS: done=109 failed=3 alive=12/12 finished=0
[21:15:33] STATUS: done=109 failed=3 alive=12/12 finished=0
[21:16:03] STATUS: done=109 failed=3 alive=12/12 finished=0
[21:16:33] STATUS: done=109 failed=3 alive=12/12 finished=0
[21:16:55] worker6: OK badlands-news-brief-420.md in 233s (3 pages cite it)
[21:16:55] worker5: OK badlands-news-brief-3df.md in 858s (16 pages cite it)
[21:16:57] worker6: claimed badlands-news-brief-426.md
[21:16:57] worker5: claimed badlands-news-brief-42b.md
[21:17:01] worker4: OK badlands-news-brief-3c3.md in 1188s (18 pages cite it)
[21:17:03] STATUS: done=112 failed=3 alive=12/12 finished=0
[21:17:03] worker4: claimed badlands-news-brief-42c.md
[21:17:08] worker9: OK badlands-news-brief-3d2.md in 1037s (28 pages cite it)
[21:17:11] worker9: claimed badlands-news-brief-42e.md
[21:17:19] worker0: OK badlands-news-brief-3ae.md in 1729s (25 pages cite it)
[21:17:21] worker0: claimed badlands-news-brief-433.md
[21:17:33] STATUS: done=114 failed=3 alive=12/12 finished=0
[21:17:42] worker2: OK badlands-news-brief-409.md in 583s (22 pages cite it)
[21:17:45] worker2: claimed badlands-news-brief-441.md
[21:18:03] STATUS: done=115 failed=3 alive=12/12 finished=0
[21:18:33] STATUS: done=115 failed=3 alive=12/12 finished=0
[21:19:03] STATUS: done=115 failed=3 alive=12/12 finished=0
[21:19:33] STATUS: done=115 failed=3 alive=12/12 finished=0
[21:20:03] STATUS: done=115 failed=3 alive=12/12 finished=0
[21:20:33] STATUS: done=115 failed=3 alive=12/12 finished=0
[21:21:03] STATUS: done=115 failed=3 alive=12/12 finished=0
[21:21:33] STATUS: done=115 failed=3 alive=12/12 finished=0
[21:22:03] STATUS: done=115 failed=3 alive=12/12 finished=0
[21:22:10] worker7: OK badlands-news-brief-410.md in 793s (18 pages cite it)
[21:22:12] worker7: claimed badlands-news-brief-447.md
[21:22:33] STATUS: done=116 failed=3 alive=12/12 finished=0
[21:23:03] STATUS: done=116 failed=3 alive=12/12 finished=0
[21:23:26] worker6: OK badlands-news-brief-426.md in 385s (13 pages cite it)
[21:23:28] worker6: claimed badlands-news-brief-448.md
[21:23:33] STATUS: done=117 failed=3 alive=12/12 finished=0
[21:24:03] STATUS: done=117 failed=3 alive=12/12 finished=0
[21:24:33] STATUS: done=117 failed=3 alive=12/12 finished=0
[21:25:03] STATUS: done=117 failed=3 alive=12/12 finished=0
[21:25:33] STATUS: done=117 failed=3 alive=12/12 finished=0
[21:25:48] worker10: OK badlands-news-brief-3f8.md in 1296s (23 pages cite it)
[21:25:50] worker10: claimed badlands-news-brief-44c.md
[21:26:03] STATUS: done=118 failed=3 alive=12/12 finished=0
[21:26:09] worker11: OK badlands-news-brief-41f.md in 926s (23 pages cite it)
[21:26:11] worker11: claimed badlands-news-brief-457.md
[21:26:33] STATUS: done=119 failed=3 alive=12/12 finished=0
[21:27:03] STATUS: done=119 failed=3 alive=12/12 finished=0
[21:27:05] worker0: OK badlands-news-brief-433.md in 580s (28 pages cite it)
[21:27:08] worker0: claimed badlands-news-brief-467.md
[21:27:33] STATUS: done=120 failed=3 alive=12/12 finished=0
[21:27:36] worker1: OK badlands-news-brief-423.md in 841s (42 pages cite it)
[21:27:38] worker1: claimed badlands-news-brief-46b.md
[21:28:03] STATUS: done=121 failed=3 alive=12/12 finished=0
[21:28:33] STATUS: done=121 failed=3 alive=12/12 finished=0
[21:28:42] worker2: OK badlands-news-brief-441.md in 654s (17 pages cite it)
[21:28:44] worker2: claimed badlands-news-brief-46e.md
[21:28:47] worker8: OK badlands-news-brief-421.md in 968s (25 pages cite it)
[21:28:49] worker8: claimed badlands-news-brief-471.md
[21:29:03] STATUS: done=123 failed=3 alive=12/12 finished=0
[21:29:26] worker10: OK badlands-news-brief-44c.md in 213s (3 pages cite it)
[21:29:29] worker10: claimed badlands-news-brief-47a.md
[21:29:33] STATUS: done=124 failed=3 alive=12/12 finished=0
[21:30:03] STATUS: done=124 failed=3 alive=12/12 finished=0
[21:30:09] worker3: OK badlands-news-brief-3e5.md in 1726s (16 pages cite it)
[21:30:11] worker3: claimed badlands-news-brief-47f.md
[21:30:16] worker5: OK badlands-news-brief-42b.md in 797s (20 pages cite it)
[21:30:18] worker5: claimed badlands-news-brief-481.md
[21:30:33] STATUS: done=126 failed=3 alive=12/12 finished=0
[21:30:37] worker9: OK badlands-news-brief-42e.md in 804s (42 pages cite it)
[21:30:39] worker9: claimed badlands-news-brief-484.md
[21:31:03] STATUS: done=127 failed=3 alive=12/12 finished=0
[21:31:33] STATUS: done=127 failed=3 alive=12/12 finished=0
[21:32:02] worker4: OK badlands-news-brief-42c.md in 895s (26 pages cite it)
[21:32:03] STATUS: done=128 failed=3 alive=12/12 finished=0
[21:32:05] worker4: claimed badlands-news-brief-491.md
[21:32:33] STATUS: done=128 failed=3 alive=12/12 finished=0
[21:33:03] STATUS: done=128 failed=3 alive=12/12 finished=0
[21:33:33] STATUS: done=128 failed=3 alive=12/12 finished=0
[21:34:03] STATUS: done=128 failed=3 alive=12/12 finished=0
[21:34:33] STATUS: done=128 failed=3 alive=12/12 finished=0
[21:35:03] STATUS: done=128 failed=3 alive=12/12 finished=0
[21:35:33] STATUS: done=128 failed=3 alive=12/12 finished=0
[21:35:46] worker11: OK badlands-news-brief-457.md in 571s (32 pages cite it)
[21:35:49] worker11: claimed badlands-news-brief-497.md
[21:36:04] STATUS: done=129 failed=3 alive=12/12 finished=0
[21:36:24] worker6: OK badlands-news-brief-448.md in 771s (43 pages cite it)
[21:36:27] worker6: claimed badlands-news-brief-49a.md
[21:36:34] STATUS: done=130 failed=3 alive=12/12 finished=0
[21:37:04] STATUS: done=130 failed=3 alive=12/12 finished=0
[21:37:34] STATUS: done=130 failed=3 alive=12/12 finished=0
[21:37:51] worker2: OK badlands-news-brief-46e.md in 544s (39 pages cite it)
[21:37:53] worker2: claimed badlands-news-brief-49d.md
[21:38:04] STATUS: done=131 failed=3 alive=12/12 finished=0
[21:38:25] worker5: OK badlands-news-brief-481.md in 483s (18 pages cite it)
[21:38:27] worker5: claimed badlands-news-brief-4a3.md
[21:38:34] STATUS: done=132 failed=3 alive=12/12 finished=0
[21:38:59] worker0: OK badlands-news-brief-467.md in 709s (19 pages cite it)
[21:39:01] worker0: claimed badlands-news-brief-4a6.md
[21:39:04] STATUS: done=133 failed=3 alive=12/12 finished=0
[21:39:34] STATUS: done=133 failed=3 alive=12/12 finished=0
[21:40:04] STATUS: done=133 failed=3 alive=12/12 finished=0
[21:40:34] STATUS: done=133 failed=3 alive=12/12 finished=0
[21:41:04] STATUS: done=133 failed=3 alive=12/12 finished=0
[21:41:17] worker10: OK badlands-news-brief-47a.md in 706s (25 pages cite it)
[21:41:19] worker10: claimed badlands-news-brief-4a9.md
[21:41:20] worker7: OK badlands-news-brief-447.md in 1146s (27 pages cite it)
[21:41:23] worker7: claimed badlands-news-brief-4ab.md
[21:41:34] STATUS: done=135 failed=3 alive=12/12 finished=0
[21:42:04] STATUS: done=135 failed=3 alive=12/12 finished=0
[21:42:34] STATUS: done=135 failed=3 alive=12/12 finished=0
[21:43:04] STATUS: done=135 failed=3 alive=12/12 finished=0
[21:43:15] worker1: OK badlands-news-brief-46b.md in 934s (20 pages cite it)
[21:43:17] worker1: claimed badlands-news-brief-4b1.md
[21:43:34] STATUS: done=136 failed=3 alive=12/12 finished=0
[21:43:36] worker9: OK badlands-news-brief-484.md in 773s (15 pages cite it)
[21:43:39] worker9: claimed badlands-news-brief-4b3.md
[21:44:04] STATUS: done=137 failed=3 alive=12/12 finished=0
[21:44:34] STATUS: done=137 failed=3 alive=12/12 finished=0
[21:44:47] worker8: OK badlands-news-brief-471.md in 955s (26 pages cite it)
[21:44:49] worker8: claimed badlands-news-brief-4b7.md
[21:45:04] STATUS: done=138 failed=3 alive=12/12 finished=0
[21:45:34] STATUS: done=138 failed=3 alive=12/12 finished=0
[21:46:04] STATUS: done=138 failed=3 alive=12/12 finished=0
[21:46:30] worker3: OK badlands-news-brief-47f.md in 976s (19 pages cite it)
[21:46:32] worker3: claimed badlands-news-brief-4b9.md
[21:46:34] STATUS: done=139 failed=3 alive=12/12 finished=0
[21:46:44] worker0: OK badlands-news-brief-4a6.md in 461s (17 pages cite it)
[21:46:47] worker0: claimed badlands-news-brief-4bb.md
[21:47:04] STATUS: done=140 failed=3 alive=12/12 finished=0
[21:47:34] STATUS: done=140 failed=3 alive=12/12 finished=0
[21:48:04] STATUS: done=140 failed=3 alive=12/12 finished=0
[21:48:34] STATUS: done=140 failed=3 alive=12/12 finished=0
[21:49:04] STATUS: done=140 failed=3 alive=12/12 finished=0
[21:49:34] STATUS: done=140 failed=3 alive=12/12 finished=0
[21:50:04] STATUS: done=140 failed=3 alive=12/12 finished=0
[21:50:34] STATUS: done=140 failed=3 alive=12/12 finished=0
[21:51:04] STATUS: done=140 failed=3 alive=12/12 finished=0
[21:51:34] STATUS: done=140 failed=3 alive=12/12 finished=0
[21:52:04] STATUS: done=140 failed=3 alive=12/12 finished=0
[21:52:34] STATUS: done=140 failed=3 alive=12/12 finished=0
[21:53:04] STATUS: done=140 failed=3 alive=12/12 finished=0
[21:53:25] worker6: OK badlands-news-brief-49a.md in 1015s (17 pages cite it)
[21:53:27] worker6: claimed badlands-news-brief-4c3.md
[21:53:34] STATUS: done=141 failed=3 alive=12/12 finished=0
[21:53:35] worker5: OK badlands-news-brief-4a3.md in 905s (15 pages cite it)
[21:53:38] worker5: claimed badlands-news-brief-4c4.md
[21:53:45] worker7: OK badlands-news-brief-4ab.md in 739s (17 pages cite it)
[21:53:47] worker7: claimed badlands-news-brief-4c5.md
[21:54:00] worker1: OK badlands-news-brief-4b1.md in 640s (11 pages cite it)
[21:54:03] worker1: claimed badlands-news-brief-4cb.md
[21:54:04] STATUS: done=144 failed=3 alive=12/12 finished=0
[21:54:34] STATUS: done=144 failed=3 alive=12/12 finished=0
[21:54:39] worker8: OK badlands-news-brief-4b7.md in 588s (11 pages cite it)
[21:54:42] worker8: claimed badlands-news-brief-4cf.md
[21:55:04] STATUS: done=145 failed=3 alive=12/12 finished=0
[21:55:34] STATUS: done=145 failed=3 alive=12/12 finished=0
[21:56:04] STATUS: done=145 failed=3 alive=12/12 finished=0
[21:56:10] worker2: OK badlands-news-brief-49d.md in 1094s (21 pages cite it)
[21:56:11] worker9: OK badlands-news-brief-4b3.md in 749s (22 pages cite it)
[21:56:13] worker2: claimed badlands-news-brief-4d9.md
[21:56:13] worker9: claimed badlands-news-brief-4e1.md
[21:56:34] STATUS: done=147 failed=3 alive=12/12 finished=0
[21:57:04] STATUS: done=147 failed=3 alive=12/12 finished=0
[21:57:34] STATUS: done=147 failed=3 alive=12/12 finished=0
[21:58:04] STATUS: done=147 failed=3 alive=12/12 finished=0
[21:58:15] worker3: OK badlands-news-brief-4b9.md in 700s (16 pages cite it)
[21:58:17] worker3: claimed badlands-news-brief-4ee.md
[21:58:24] worker0: OK badlands-news-brief-4bb.md in 695s (16 pages cite it)
[21:58:26] worker0: claimed badlands-news-brief-4f8.md
[21:58:34] STATUS: done=149 failed=3 alive=12/12 finished=0
[21:58:36] worker11: OK badlands-news-brief-497.md in 1364s (24 pages cite it)
[21:58:38] worker11: claimed badlands-news-brief-4fd.md
[21:58:53] worker2: OK badlands-news-brief-4d9.md in 157s (1 pages cite it)
[21:58:55] worker2: claimed badlands-news-brief-502.md
[21:59:04] STATUS: done=151 failed=3 alive=12/12 finished=0
[21:59:34] STATUS: done=151 failed=3 alive=12/12 finished=0
[22:00:04] STATUS: done=151 failed=3 alive=12/12 finished=0
[22:00:34] STATUS: done=151 failed=3 alive=12/12 finished=0
[22:01:04] STATUS: done=151 failed=3 alive=12/12 finished=0
[22:01:34] STATUS: done=151 failed=3 alive=12/12 finished=0
[22:02:04] STATUS: done=151 failed=3 alive=12/12 finished=0
[22:02:34] STATUS: done=151 failed=3 alive=12/12 finished=0
[22:02:43] worker10: OK badlands-news-brief-4a9.md in 1281s (34 pages cite it)
[22:02:46] worker10: claimed badlands-news-brief-505.md
[22:03:04] STATUS: done=152 failed=3 alive=12/12 finished=0
[22:03:06] worker4: OK badlands-news-brief-491.md in 1858s (33 pages cite it)
[22:03:08] worker4: claimed badlands-news-brief-508.md
[22:03:34] STATUS: done=153 failed=3 alive=12/12 finished=0
[22:03:47] worker5: OK badlands-news-brief-4c4.md in 607s (4 pages cite it)
[22:03:49] worker5: claimed badlands-news-brief-50a.md
[22:04:04] STATUS: done=154 failed=3 alive=12/12 finished=0
[22:04:11] worker1: OK badlands-news-brief-4cb.md in 606s (17 pages cite it)
[22:04:13] worker1: claimed badlands-news-brief-50e.md
[22:04:34] STATUS: done=155 failed=3 alive=12/12 finished=0
[22:05:04] STATUS: done=155 failed=3 alive=12/12 finished=0
[22:05:29] worker2: OK badlands-news-brief-502.md in 392s (10 pages cite it)
[22:05:32] worker2: claimed badlands-news-brief-50f.md
[22:05:34] STATUS: done=156 failed=3 alive=12/12 finished=0
[22:06:04] STATUS: done=156 failed=3 alive=12/12 finished=0
[22:06:15] worker11: OK badlands-news-brief-4fd.md in 454s (17 pages cite it)
[22:06:18] worker11: claimed badlands-news-brief-520.md
[22:06:34] STATUS: done=157 failed=3 alive=12/12 finished=0
[22:07:04] STATUS: done=157 failed=3 alive=12/12 finished=0
[22:07:34] STATUS: done=157 failed=3 alive=12/12 finished=0
[22:08:04] STATUS: done=157 failed=3 alive=12/12 finished=0
[22:08:34] STATUS: done=157 failed=3 alive=12/12 finished=0
[22:09:04] STATUS: done=157 failed=3 alive=12/12 finished=0
[22:09:14] worker8: OK badlands-news-brief-4cf.md in 870s (22 pages cite it)
[22:09:16] worker8: claimed badlands-news-brief-523.md
[22:09:23] worker0: OK badlands-news-brief-4f8.md in 655s (11 pages cite it)
[22:09:26] worker0: claimed badlands-news-brief-525.md
[22:09:34] STATUS: done=159 failed=3 alive=12/12 finished=0
[22:10:04] STATUS: done=159 failed=3 alive=12/12 finished=0
[22:10:34] STATUS: done=159 failed=3 alive=12/12 finished=0
[22:11:04] STATUS: done=159 failed=3 alive=12/12 finished=0
[22:11:34] STATUS: done=159 failed=3 alive=12/12 finished=0
[22:12:04] STATUS: done=159 failed=3 alive=12/12 finished=0
[22:12:27] worker9: OK badlands-news-brief-4e1.md in 968s (21 pages cite it)
[22:12:27] worker1: OK badlands-news-brief-50e.md in 489s (8 pages cite it)
Process SpawnProcess-3:
[22:12:27] worker5: OK badlands-news-brief-50a.md in 510s (18 pages cite it)
Process SpawnProcess-7:
OSError: [Errno 28] No space left on device
OSError: [Errno 28] No space left on device

During handling of the above exception, another exception occurred:

Traceback (most recent call last):

During handling of the above exception, another exception occurred:

Traceback (most recent call last):
  File "C:\Users\14053\AppData\Roaming\uv\python\cpython-3.11-windows-x86_64-none\Lib\multiprocessing\process.py", line 314, in _bootstrap
    self.run()
  File "C:\Users\14053\AppData\Roaming\uv\python\cpython-3.11-windows-x86_64-none\Lib\multiprocessing\process.py", line 108, in run
    self._target(*self._args, **self._kwargs)
  File "C:\Users\14053\hermes-projects\badlands-substack\scripts\parallel_ingest.py", line 129, in run_worker
    log(f"worker{worker_id}: OK {slug} in {dt:.0f}s ({cited} pages cite it)"
  File "C:\Users\14053\hermes-projects\badlands-substack\scripts\parallel_ingest.py", line 43, in log
    with open(LOG, "a", encoding="utf-8") as f:
OSError: [Errno 28] No space left on device
  File "C:\Users\14053\AppData\Roaming\uv\python\cpython-3.11-windows-x86_64-none\Lib\multiprocessing\process.py", line 314, in _bootstrap
    self.run()
  File "C:\Users\14053\AppData\Roaming\uv\python\cpython-3.11-windows-x86_64-none\Lib\multiprocessing\process.py", line 108, in run
    self._target(*self._args, **self._kwargs)
  File "C:\Users\14053\hermes-projects\badlands-substack\scripts\parallel_ingest.py", line 129, in run_worker
    log(f"worker{worker_id}: OK {slug} in {dt:.0f}s ({cited} pages cite it)"
  File "C:\Users\14053\hermes-projects\badlands-substack\scripts\parallel_ingest.py", line 43, in log
    with open(LOG, "a", encoding="utf-8") as f:
OSError: [Errno 28] No space left on device
[22:12:28] worker8: OK badlands-news-brief-523.md in 188s (5 pages cite it)
Process SpawnProcess-10:
OSError: [Errno 28] No space left on device

During handling of the above exception, another exception occurred:

Traceback (most recent call last):
  File "C:\Users\14053\AppData\Roaming\uv\python\cpython-3.11-windows-x86_64-none\Lib\multiprocessing\process.py", line 314, in _bootstrap
    self.run()
  File "C:\Users\14053\AppData\Roaming\uv\python\cpython-3.11-windows-x86_64-none\Lib\multiprocessing\process.py", line 108, in run
    self._target(*self._args, **self._kwargs)
  File "C:\Users\14053\hermes-projects\badlands-substack\scripts\parallel_ingest.py", line 129, in run_worker
    log(f"worker{worker_id}: OK {slug} in {dt:.0f}s ({cited} pages cite it)"
  File "C:\Users\14053\hermes-projects\badlands-substack\scripts\parallel_ingest.py", line 43, in log
    with open(LOG, "a", encoding="utf-8") as f:
OSError: [Errno 28] No space left on device
[22:12:29] worker9: claimed badlands-news-brief-528.md
[22:12:31] worker3: OK badlands-news-brief-4ee.md in 850s (20 pages cite it)
[22:12:32] worker0: FAIL badlands-news-brief-525.md in 180s rc=0 report=None cited=0 rate_limit=False backoff=30s
[22:12:32]   stderr: 
[22:12:32]   stdout tail: because session storage could not be written (the transcript would have been lost on restart). This is often a full disk — free some space (or fix state.db permissions), then send your message again.
[22:12:34] worker3: claimed badlands-news-brief-525.md
[22:12:34] worker1: process died unexpectedly — respawning
[22:12:34] worker5: process died unexpectedly — respawning
[22:12:34] worker8: process died unexpectedly — respawning
[22:12:34] STATUS: done=164 failed=4 alive=12/12 finished=0
[22:12:36] worker5: claimed badlands-news-brief-52f.md
[22:12:36] worker1: claimed badlands-news-brief-533.md
[22:12:37] worker8: claimed badlands-news-brief-536.md
[22:13:04] STATUS: done=164 failed=4 alive=12/12 finished=0
[22:13:05] worker0: claimed badlands-news-brief-53d.md
[22:13:34] STATUS: done=164 failed=4 alive=12/12 finished=0
[22:13:35] worker7: OK badlands-news-brief-4c5.md in 1185s (45 pages cite it)
[22:13:37] worker7: claimed badlands-news-brief-53f.md
[22:13:41] worker6: OK badlands-news-brief-4c3.md in 1211s (24 pages cite it)
[22:13:43] worker6: claimed badlands-news-brief-540.md
[22:14:04] STATUS: done=166 failed=4 alive=12/12 finished=0
[22:14:34] STATUS: done=166 failed=4 alive=12/12 finished=0
[22:15:04] STATUS: done=166 failed=4 alive=12/12 finished=0
[22:15:34] STATUS: done=166 failed=4 alive=12/12 finished=0
[22:16:04] STATUS: done=166 failed=4 alive=12/12 finished=0
[22:16:34] STATUS: done=166 failed=4 alive=12/12 finished=0
[22:17:04] STATUS: done=166 failed=4 alive=12/12 finished=0
[22:17:34] STATUS: done=166 failed=4 alive=12/12 finished=0
[22:18:04] STATUS: done=166 failed=4 alive=12/12 finished=0
[22:18:34] STATUS: done=166 failed=4 alive=12/12 finished=0
[22:19:04] STATUS: done=166 failed=4 alive=12/12 finished=0
[22:19:34] STATUS: done=166 failed=4 alive=12/12 finished=0
[22:20:04] STATUS: done=166 failed=4 alive=12/12 finished=0
[22:20:17] worker11: OK badlands-news-brief-520.md in 836s (23 pages cite it)
[22:20:20] worker11: claimed badlands-news-brief-541.md
[22:20:34] STATUS: done=167 failed=4 alive=12/12 finished=0
[22:21:04] STATUS: done=167 failed=4 alive=12/12 finished=0
[22:21:34] STATUS: done=167 failed=4 alive=12/12 finished=0
[22:22:04] STATUS: done=167 failed=4 alive=12/12 finished=0
[22:22:34] STATUS: done=167 failed=4 alive=12/12 finished=0
[22:23:04] STATUS: done=167 failed=4 alive=12/12 finished=0
[22:23:34] STATUS: done=167 failed=4 alive=12/12 finished=0
[22:23:47] worker0: OK badlands-news-brief-53d.md in 641s (14 pages cite it)
[22:23:49] worker0: claimed badlands-news-brief-545.md
[22:24:04] STATUS: done=168 failed=4 alive=12/12 finished=0
[22:24:22] worker10: OK badlands-news-brief-505.md in 1293s (29 pages cite it)
[22:24:24] worker10: claimed badlands-news-brief-547.md
[22:24:34] STATUS: done=169 failed=4 alive=12/12 finished=0
[22:25:04] STATUS: done=169 failed=4 alive=12/12 finished=0
[22:25:34] STATUS: done=169 failed=4 alive=12/12 finished=0
[22:26:04] STATUS: done=169 failed=4 alive=12/12 finished=0
[22:26:34] STATUS: done=169 failed=4 alive=12/12 finished=0
[22:27:04] STATUS: done=169 failed=4 alive=12/12 finished=0
[22:27:14] worker6: OK badlands-news-brief-540.md in 809s (25 pages cite it)
[22:27:16] worker6: claimed badlands-news-brief-550.md
[22:27:34] STATUS: done=170 failed=4 alive=12/12 finished=0
[22:28:04] STATUS: done=170 failed=4 alive=12/12 finished=0
[22:28:23] worker2: OK badlands-news-brief-50f.md in 1368s (19 pages cite it)
[22:28:26] worker2: claimed badlands-news-brief-553.md
[22:28:34] STATUS: done=171 failed=4 alive=12/12 finished=0
[22:29:01] worker1: OK badlands-news-brief-533.md in 981s (12 pages cite it)
[22:29:03] worker1: claimed badlands-news-brief-55f.md
[22:29:04] STATUS: done=172 failed=4 alive=12/12 finished=0
[22:29:34] STATUS: done=172 failed=4 alive=12/12 finished=0
[22:29:52] worker4: OK badlands-news-brief-508.md in 1602s (38 pages cite it)
[22:29:55] worker4: claimed badlands-news-brief-561.md
[22:30:04] STATUS: done=173 failed=4 alive=12/12 finished=0
[22:30:34] STATUS: done=173 failed=4 alive=12/12 finished=0
[22:31:04] STATUS: done=173 failed=4 alive=12/12 finished=0
[22:31:34] STATUS: done=173 failed=4 alive=12/12 finished=0
[22:32:04] STATUS: done=173 failed=4 alive=12/12 finished=0
[22:32:30] worker8: OK badlands-news-brief-536.md in 1190s (18 pages cite it)
[22:32:34] worker8: claimed badlands-news-brief-565.md
[22:32:34] STATUS: done=174 failed=4 alive=12/12 finished=0
[22:33:04] STATUS: done=174 failed=4 alive=12/12 finished=0
[22:33:17] worker9: OK badlands-news-brief-528.md in 1246s (22 pages cite it)
[22:33:20] worker9: claimed badlands-news-brief-574.md
[22:33:24] worker10: OK badlands-news-brief-547.md in 537s (17 pages cite it)
[22:33:26] worker10: claimed badlands-news-brief-575.md
[22:33:34] STATUS: done=176 failed=4 alive=12/12 finished=0
[22:33:50] worker3: OK badlands-news-brief-525.md in 1274s (15 pages cite it)
[22:33:53] worker3: claimed badlands-news-brief-576.md
[22:34:04] STATUS: done=177 failed=4 alive=12/12 finished=0
[22:34:34] STATUS: done=177 failed=4 alive=12/12 finished=0
[22:34:39] worker5: OK badlands-news-brief-52f.md in 1321s (57 pages cite it)
[22:34:41] worker5: claimed badlands-news-brief-579.md
[22:34:59] worker4: OK badlands-news-brief-561.md in 301s (16 pages cite it)
[22:35:01] worker4: claimed badlands-news-brief-580.md
[22:35:04] STATUS: done=179 failed=4 alive=12/12 finished=0
[22:35:34] STATUS: done=179 failed=4 alive=12/12 finished=0
[22:36:04] STATUS: done=179 failed=4 alive=12/12 finished=0
[22:36:34] STATUS: done=179 failed=4 alive=12/12 finished=0
[22:37:04] STATUS: done=179 failed=4 alive=12/12 finished=0
[22:37:34] STATUS: done=179 failed=4 alive=12/12 finished=0
[22:38:04] STATUS: done=179 failed=4 alive=12/12 finished=0
[22:38:34] STATUS: done=179 failed=4 alive=12/12 finished=0
[22:39:04] STATUS: done=179 failed=4 alive=12/12 finished=0
[22:39:34] STATUS: done=179 failed=4 alive=12/12 finished=0
[22:40:04] STATUS: done=179 failed=4 alive=12/12 finished=0
[22:40:20] worker6: OK badlands-news-brief-550.md in 780s (21 pages cite it)
[22:40:23] worker6: claimed badlands-news-brief-582.md
[22:40:34] STATUS: done=180 failed=4 alive=12/12 finished=0
[22:41:04] STATUS: done=180 failed=4 alive=12/12 finished=0
[22:41:27] worker11: OK badlands-news-brief-541.md in 1264s (28 pages cite it)
[22:41:29] worker11: claimed badlands-news-brief-58c.md
[22:41:34] STATUS: done=181 failed=4 alive=12/12 finished=0
[22:42:04] STATUS: done=181 failed=4 alive=12/12 finished=0
[22:42:08] worker5: OK badlands-news-brief-579.md in 445s (19 pages cite it)
[22:42:11] worker5: claimed badlands-news-brief-58e.md
[22:42:34] STATUS: done=182 failed=4 alive=12/12 finished=0
[22:42:40] worker1: OK badlands-news-brief-55f.md in 814s (22 pages cite it)
[22:42:43] worker1: claimed badlands-news-brief-592.md
[22:43:04] STATUS: done=183 failed=4 alive=12/12 finished=0
[22:43:34] STATUS: done=183 failed=4 alive=12/12 finished=0
[22:44:02] worker7: OK badlands-news-brief-53f.md in 1822s (28 pages cite it)
[22:44:04] STATUS: done=184 failed=4 alive=12/12 finished=0
[22:44:05] worker7: claimed badlands-news-brief-59b.md
[22:44:34] STATUS: done=184 failed=4 alive=12/12 finished=0
[22:45:04] STATUS: done=184 failed=4 alive=12/12 finished=0
[22:45:34] STATUS: done=184 failed=4 alive=12/12 finished=0
[22:45:45] worker4: OK badlands-news-brief-580.md in 641s (16 pages cite it)
[22:45:47] worker4: claimed badlands-news-brief-5a3.md
[22:46:04] STATUS: done=185 failed=4 alive=12/12 finished=0
[22:46:34] STATUS: done=185 failed=4 alive=12/12 finished=0
[22:47:04] STATUS: done=185 failed=4 alive=12/12 finished=0
[22:47:34] STATUS: done=185 failed=4 alive=12/12 finished=0
[22:47:36] worker5: OK badlands-news-brief-58e.md in 314s (21 pages cite it)
[22:47:39] worker5: claimed badlands-news-brief-5a7.md
[22:48:01] worker3: OK badlands-news-brief-576.md in 842s (29 pages cite it)
[22:48:04] STATUS: done=187 failed=4 alive=12/12 finished=0
[22:48:04] worker3: claimed badlands-news-brief-5aa.md
[22:48:34] STATUS: done=187 failed=4 alive=12/12 finished=0
[22:49:04] STATUS: done=187 failed=4 alive=12/12 finished=0
[22:49:34] STATUS: done=187 failed=4 alive=12/12 finished=0
[22:50:04] STATUS: done=187 failed=4 alive=12/12 finished=0
[22:50:30] worker10: OK badlands-news-brief-575.md in 983s (25 pages cite it)
[22:50:33] worker10: claimed badlands-news-brief-5b2.md
[22:50:34] STATUS: done=188 failed=4 alive=12/12 finished=0
[22:51:04] STATUS: done=188 failed=4 alive=12/12 finished=0
[22:51:34] STATUS: done=188 failed=4 alive=12/12 finished=0
[22:52:04] STATUS: done=188 failed=4 alive=12/12 finished=0
[22:52:34] STATUS: done=188 failed=4 alive=12/12 finished=0
[22:53:04] STATUS: done=188 failed=4 alive=12/12 finished=0
[22:53:34] STATUS: done=188 failed=4 alive=12/12 finished=0
[22:54:04] STATUS: done=188 failed=4 alive=12/12 finished=0
[22:54:34] STATUS: done=188 failed=4 alive=12/12 finished=0
[22:55:04] STATUS: done=188 failed=4 alive=12/12 finished=0
[22:55:34] STATUS: done=188 failed=4 alive=12/12 finished=0
[22:56:04] STATUS: done=188 failed=4 alive=12/12 finished=0
[22:56:34] STATUS: done=188 failed=4 alive=12/12 finished=0
[22:57:04] STATUS: done=188 failed=4 alive=12/12 finished=0
[22:57:34] STATUS: done=188 failed=4 alive=12/12 finished=0
[22:58:04] STATUS: done=188 failed=4 alive=12/12 finished=0
[22:58:34] STATUS: done=188 failed=4 alive=12/12 finished=0
[22:59:04] STATUS: done=188 failed=4 alive=12/12 finished=0
[22:59:34] STATUS: done=188 failed=4 alive=12/12 finished=0
[23:00:04] STATUS: done=188 failed=4 alive=12/12 finished=0
[23:00:34] STATUS: done=188 failed=4 alive=12/12 finished=0
[23:01:04] STATUS: done=188 failed=4 alive=12/12 finished=0
[23:01:07] worker5: OK badlands-news-brief-5a7.md in 570s (20 pages cite it)
[23:01:07] worker8: OK badlands-news-brief-565.md in 1575s (38 pages cite it)
[23:01:07] worker11: OK badlands-news-brief-58c.md in 727s (10 pages cite it)
[23:01:07] worker0: OK badlands-news-brief-545.md in 1793s (27 pages cite it)
[23:01:07] worker1: OK badlands-news-brief-592.md in 843s (15 pages cite it)
[23:01:07] worker6: OK badlands-news-brief-582.md in 1203s (29 pages cite it)
[23:01:12] worker5: claimed badlands-news-brief-5b3.md
[23:01:12] worker8: claimed badlands-news-brief-5c7.md
[23:01:12] worker0: claimed badlands-news-brief-5c8.md
[23:01:12] worker11: claimed badlands-news-brief-5b4.md
[23:01:12] worker6: claimed badlands-news-brief-5d1.md
[23:01:12] worker1: claimed badlands-news-brief-5d5.md
[23:01:35] STATUS: done=194 failed=4 alive=12/12 finished=0
[23:02:05] STATUS: done=194 failed=4 alive=12/12 finished=0
[23:02:35] STATUS: done=194 failed=4 alive=12/12 finished=0
[23:03:05] STATUS: done=194 failed=4 alive=12/12 finished=0
[23:03:35] STATUS: done=194 failed=4 alive=12/12 finished=0
[23:04:05] STATUS: done=194 failed=4 alive=12/12 finished=0
[23:04:35] STATUS: done=194 failed=4 alive=12/12 finished=0
[23:05:05] STATUS: done=194 failed=4 alive=12/12 finished=0
[23:05:12] worker9: OK badlands-news-brief-574.md in 1885s (25 pages cite it)
[23:05:12] worker4: OK badlands-news-brief-5a3.md in 1050s (21 pages cite it)
[23:05:15] worker8: FAIL badlands-news-brief-5c7.md in 160s rc=0 report=None cited=0 rate_limit=False backoff=30s
[23:05:15]   stderr: 
[23:05:15]   stdout tail: uest (safety refusal — not a Hermes/gateway failure).

Model's explanation: 你好，我无法给到相关内容。

Try rephrasing the request, narrowing the context, or adding a fallback provider with `hermes fallback add`.
[23:05:15] worker9: claimed badlands-news-brief-5d7.md
[23:05:15] worker4: claimed badlands-news-brief-5e3.md
[23:05:27] worker2: OK badlands-news-brief-553.md in 2215s (31 pages cite it)
[23:05:31] worker2: claimed badlands-news-brief-5c7.md
[23:05:35] STATUS: done=197 failed=5 alive=12/12 finished=0
[23:05:50] worker8: claimed badlands-news-brief-5eb.md
[23:06:05] STATUS: done=197 failed=5 alive=12/12 finished=0
[23:06:35] STATUS: done=197 failed=5 alive=12/12 finished=0
[23:07:05] STATUS: done=197 failed=5 alive=12/12 finished=0
[23:07:35] STATUS: done=197 failed=5 alive=12/12 finished=0
[23:08:05] STATUS: done=197 failed=5 alive=12/12 finished=0
[23:08:35] STATUS: done=197 failed=5 alive=12/12 finished=0
[23:09:05] STATUS: done=197 failed=5 alive=12/12 finished=0
[23:09:09] worker6: OK badlands-news-brief-5d1.md in 465s (2 pages cite it)
[23:09:10] worker7: OK badlands-news-brief-59b.md in 1492s (23 pages cite it)
[23:09:10] worker5: OK badlands-news-brief-5b3.md in 465s (13 pages cite it)
[23:09:10] worker9: OK badlands-news-brief-5d7.md in 222s (5 pages cite it)
[23:09:10] worker1: OK badlands-news-brief-5d5.md in 465s (8 pages cite it)
[23:09:10] worker4: OK badlands-news-brief-5e3.md in 222s (2 pages cite it)
[23:09:10] worker11: OK badlands-news-brief-5b4.md in 465s (6 pages cite it)
[23:09:10] worker3: OK badlands-news-brief-5aa.md in 1252s (19 pages cite it)
[23:09:10] worker10: OK badlands-news-brief-5b2.md in 1104s (17 pages cite it)
[23:09:12] worker2: FAIL badlands-news-brief-5c7.md in 207s rc=1 report=None cited=0 rate_limit=True backoff=30s
[23:09:12]   stderr: 
[23:09:12]   stdout tail: 
[23:09:13] worker0: FAIL badlands-news-brief-5c8.md in 465s rc=1 report=None cited=0 rate_limit=True backoff=30s
[23:09:13]   stderr: 
[23:09:13]   stdout tail: 
[23:09:13] worker8: FAIL badlands-news-brief-5eb.md in 188s rc=1 report=None cited=0 rate_limit=True backoff=30s
[23:09:13]   stderr: 
[23:09:13]   stdout tail: 
[23:09:13] worker6: claimed badlands-news-brief-5ec.md
[23:09:13] worker5: claimed badlands-news-brief-5f2.md
[23:09:13] worker9: claimed badlands-news-brief-5fb.md
[23:09:13] worker7: claimed badlands-news-brief-5ff.md
[23:09:14] worker10: claimed badlands-news-brief-60c.md
[23:09:14] worker1: claimed badlands-news-brief-601.md
[23:09:14] worker3: claimed badlands-news-brief-617.md
[23:09:14] worker11: claimed badlands-news-brief-5c7.md
[23:09:14] worker4: claimed badlands-news-brief-61a.md
[23:09:35] STATUS: done=206 failed=8 alive=12/12 finished=0
[23:09:47] worker2: claimed badlands-news-brief-5c8.md
[23:09:48] worker0: claimed badlands-news-brief-5eb.md
[23:09:48] worker8: claimed badlands-news-brief-623.md
[23:10:05] STATUS: done=206 failed=8 alive=12/12 finished=0
[23:10:35] STATUS: done=206 failed=8 alive=12/12 finished=0
[23:11:05] STATUS: done=206 failed=8 alive=12/12 finished=0
[23:11:35] STATUS: done=206 failed=8 alive=12/12 finished=0
[23:12:05] STATUS: done=206 failed=8 alive=12/12 finished=0
[23:12:35] STATUS: done=206 failed=8 alive=12/12 finished=0
[23:13:05] STATUS: done=206 failed=8 alive=12/12 finished=0
[23:13:35] STATUS: done=206 failed=8 alive=12/12 finished=0
[23:14:05] STATUS: done=206 failed=8 alive=12/12 finished=0
[23:14:35] STATUS: done=206 failed=8 alive=12/12 finished=0
[23:15:05] STATUS: done=206 failed=8 alive=12/12 finished=0
[23:15:35] STATUS: done=206 failed=8 alive=12/12 finished=0
[23:16:05] STATUS: done=206 failed=8 alive=12/12 finished=0
[23:16:35] STATUS: done=206 failed=8 alive=12/12 finished=0
[23:17:05] STATUS: done=206 failed=8 alive=12/12 finished=0
[23:17:35] STATUS: done=206 failed=8 alive=12/12 finished=0
[23:18:05] STATUS: done=206 failed=8 alive=12/12 finished=0
[23:18:35] STATUS: done=206 failed=8 alive=12/12 finished=0
[23:19:05] STATUS: done=206 failed=8 alive=12/12 finished=0
[23:19:35] STATUS: done=206 failed=8 alive=12/12 finished=0
[23:20:05] STATUS: done=206 failed=8 alive=12/12 finished=0
[23:20:35] STATUS: done=206 failed=8 alive=12/12 finished=0
[23:21:05] STATUS: done=206 failed=8 alive=12/12 finished=0
[23:21:17] worker11: OK badlands-news-brief-5c7.md in 284s (4 pages cite it)
[23:21:20] worker11: claimed badlands-news-brief-627.md
[23:21:35] STATUS: done=207 failed=8 alive=12/12 finished=0
[23:21:49] worker1: OK badlands-news-brief-601.md in 749s (14 pages cite it)
[23:21:52] worker1: claimed badlands-news-brief-62c.md
[23:22:05] STATUS: done=208 failed=8 alive=12/12 finished=0
[23:22:35] STATUS: done=208 failed=8 alive=12/12 finished=0
[23:23:03] worker8: OK badlands-news-brief-623.md in 788s (24 pages cite it)
[23:23:05] STATUS: done=209 failed=8 alive=12/12 finished=0
[23:23:05] worker8: claimed badlands-news-brief-62d.md
[23:23:35] STATUS: done=209 failed=8 alive=12/12 finished=0
[23:24:05] STATUS: done=209 failed=8 alive=12/12 finished=0
[23:24:05] worker9: OK badlands-news-brief-5fb.md in 888s (21 pages cite it)
[23:24:08] worker9: claimed badlands-news-brief-644.md
[23:24:35] STATUS: done=210 failed=8 alive=12/12 finished=0
[23:25:05] STATUS: done=210 failed=8 alive=12/12 finished=0
[23:25:21] worker0: OK badlands-news-brief-5eb.md in 930s (13 pages cite it)
[23:25:23] worker0: claimed badlands-news-brief-652.md
[23:25:32] worker2: OK badlands-news-brief-5c8.md in 941s (36 pages cite it)
[23:25:34] worker2: claimed badlands-news-brief-656.md
[23:25:35] STATUS: done=212 failed=8 alive=12/12 finished=0
[23:26:05] STATUS: done=212 failed=8 alive=12/12 finished=0
[23:26:35] STATUS: done=212 failed=8 alive=12/12 finished=0
[23:27:05] STATUS: done=212 failed=8 alive=12/12 finished=0
[23:27:05] worker3: OK badlands-news-brief-617.md in 1067s (42 pages cite it)
[23:27:08] worker3: claimed badlands-news-brief-65a.md
[23:27:35] STATUS: done=213 failed=8 alive=12/12 finished=0
[23:28:05] STATUS: done=213 failed=8 alive=12/12 finished=0
[23:28:27] worker7: OK badlands-news-brief-5ff.md in 1149s (28 pages cite it)
[23:28:29] worker7: claimed badlands-news-brief-669.md
[23:28:35] STATUS: done=214 failed=8 alive=12/12 finished=0
[23:29:05] STATUS: done=214 failed=8 alive=12/12 finished=0
[23:29:35] STATUS: done=214 failed=8 alive=12/12 finished=0
[23:29:41] worker10: OK badlands-news-brief-60c.md in 1223s (32 pages cite it)
[23:29:44] worker10: claimed badlands-news-brief-670.md
[23:30:05] STATUS: done=215 failed=8 alive=12/12 finished=0
[23:30:35] STATUS: done=215 failed=8 alive=12/12 finished=0
[23:31:05] STATUS: done=215 failed=8 alive=12/12 finished=0
[23:31:24] worker11: OK badlands-news-brief-627.md in 593s (24 pages cite it)
[23:31:27] worker11: claimed badlands-news-brief-674.md
[23:31:35] STATUS: done=216 failed=8 alive=12/12 finished=0
[23:32:05] STATUS: done=216 failed=8 alive=12/12 finished=0
[23:32:35] STATUS: done=216 failed=8 alive=12/12 finished=0
[23:33:05] STATUS: done=216 failed=8 alive=12/12 finished=0
[23:33:35] STATUS: done=216 failed=8 alive=12/12 finished=0
[23:33:44] worker6: OK badlands-news-brief-5ec.md in 1464s (22 pages cite it)
[23:33:47] worker6: claimed badlands-news-brief-677.md
[23:34:06] STATUS: done=217 failed=8 alive=12/12 finished=0
[23:34:21] worker5: OK badlands-news-brief-5f2.md in 1499s (25 pages cite it)
[23:34:25] worker5: claimed badlands-news-brief-67e.md
[23:34:36] STATUS: done=218 failed=8 alive=12/12 finished=0
[23:35:06] STATUS: done=218 failed=8 alive=12/12 finished=0
[23:35:36] STATUS: done=218 failed=8 alive=12/12 finished=0
[23:36:06] STATUS: done=218 failed=8 alive=12/12 finished=0
[23:36:36] STATUS: done=218 failed=8 alive=12/12 finished=0
DRIVER_EXIT=1
