[09:51:37] worker0: claimed a-time-to-strike.md
[09:51:37] worker3: claimed a-virus-or-a-metaphor.md
[09:51:38] worker2: claimed a-week-to-remember.md
[09:51:38] worker7: claimed ai-can-help-us-expose-the-nwo.md
[09:51:38] worker5: claimed america-for-sale-part-1.md
[09:51:38] worker6: claimed america-for-sale-part-2.md
[09:51:38] worker1: claimed america-for-sale-part-3.md
[09:51:38] worker11: claimed america-has-a-cia-run-economy.md
[09:51:39] worker4: claimed americas-greatest-threat.md
[09:51:39] worker9: claimed an-sos-from-ground-zero.md
[09:51:39] worker10: claimed and-iran-iran-so-far-away.md
[09:51:39] worker8: claimed anthony-fauci.md
[09:52:06] STATUS: done=0 failed=0 alive=12/12 finished=0
[09:52:36] STATUS: done=0 failed=0 alive=12/12 finished=0
[09:53:06] STATUS: done=0 failed=0 alive=12/12 finished=0
[09:53:36] STATUS: done=0 failed=0 alive=12/12 finished=0
[09:54:06] STATUS: done=0 failed=0 alive=12/12 finished=0
[09:54:36] STATUS: done=0 failed=0 alive=12/12 finished=0
[09:55:06] STATUS: done=0 failed=0 alive=12/12 finished=0
[09:55:36] STATUS: done=0 failed=0 alive=12/12 finished=0
[09:55:58] worker7: OK ai-can-help-us-expose-the-nwo.md in 257s (30 pages cite it)
[09:56:01] worker7: claimed arabian-nights.md
[09:56:06] STATUS: done=1 failed=0 alive=12/12 finished=0
[09:56:36] STATUS: done=1 failed=0 alive=12/12 finished=0
[09:57:06] STATUS: done=1 failed=0 alive=12/12 finished=0
[09:57:36] STATUS: done=1 failed=0 alive=12/12 finished=0
[09:57:43] worker9: OK an-sos-from-ground-zero.md in 362s (25 pages cite it)
[09:57:45] worker9: claimed are-cbdcs-the-path-to-fear-or-freedom.md
[09:57:57] worker0: OK a-time-to-strike.md in 378s (17 pages cite it)
[09:57:59] worker0: claimed are-jack-smith-and-fani-willis-in.md
[09:58:06] STATUS: done=3 failed=0 alive=12/12 finished=0
[09:58:36] STATUS: done=3 failed=0 alive=12/12 finished=0
[09:59:06] STATUS: done=3 failed=0 alive=12/12 finished=0
[09:59:36] STATUS: done=3 failed=0 alive=12/12 finished=0
[10:00:06] STATUS: done=3 failed=0 alive=12/12 finished=0
[10:00:25] worker3: OK a-virus-or-a-metaphor.md in 527s (23 pages cite it)
[10:00:27] worker3: claimed are-we-being-distracted.md
[10:00:36] STATUS: done=4 failed=0 alive=12/12 finished=0
[10:01:06] STATUS: done=4 failed=0 alive=12/12 finished=0
[10:01:36] STATUS: done=4 failed=0 alive=12/12 finished=0
[10:02:06] STATUS: done=4 failed=0 alive=12/12 finished=0
[10:02:36] STATUS: done=4 failed=0 alive=12/12 finished=0
[10:03:06] STATUS: done=4 failed=0 alive=12/12 finished=0
[10:03:36] STATUS: done=4 failed=0 alive=12/12 finished=0
[10:03:52] worker8: OK anthony-fauci.md in 731s (8 pages cite it)
[10:03:54] worker8: claimed are-we-entering-the-millennial-reign.md
[10:04:06] STATUS: done=5 failed=0 alive=12/12 finished=0
[10:04:36] STATUS: done=5 failed=0 alive=12/12 finished=0
[10:05:01] worker5: OK america-for-sale-part-1.md in 802s (34 pages cite it)
[10:05:04] worker5: claimed arizona-earthquake.md
[10:05:06] STATUS: done=6 failed=0 alive=12/12 finished=0
[10:05:36] STATUS: done=6 failed=0 alive=12/12 finished=0
[10:06:06] STATUS: done=6 failed=0 alive=12/12 finished=0
[10:06:36] STATUS: done=6 failed=0 alive=12/12 finished=0
[10:07:06] STATUS: done=6 failed=0 alive=12/12 finished=0
[10:07:36] STATUS: done=6 failed=0 alive=12/12 finished=0
[10:07:48] worker2: OK a-week-to-remember.md in 938s (32 pages cite it)
[10:07:48] worker6: OK america-for-sale-part-2.md in 968s (37 pages cite it)
[10:07:51] worker2: claimed artificial-intelligence.md
[10:07:51] worker6: claimed assad-day-in-damascus.md
[10:07:59] worker0: OK are-jack-smith-and-fani-willis-in.md in 597s (11 pages cite it)
[10:08:03] worker0: claimed avoiding-wwiii.md
[10:08:06] STATUS: done=9 failed=0 alive=12/12 finished=0
[10:08:36] STATUS: done=9 failed=0 alive=12/12 finished=0
[10:08:49] worker9: OK are-cbdcs-the-path-to-fear-or-freedom.md in 662s (23 pages cite it)
[10:08:52] worker9: claimed bad-actors.md
[10:09:06] STATUS: done=10 failed=0 alive=12/12 finished=0
[10:09:36] STATUS: done=10 failed=0 alive=12/12 finished=0
[10:10:06] STATUS: done=10 failed=0 alive=12/12 finished=0
[10:10:36] STATUS: done=10 failed=0 alive=12/12 finished=0
[10:11:06] STATUS: done=10 failed=0 alive=12/12 finished=0
[10:11:23] worker4: OK americas-greatest-threat.md in 1181s (11 pages cite it)
[10:11:27] worker4: claimed badlands-blitz-episode-1.md
[10:11:36] STATUS: done=11 failed=0 alive=12/12 finished=0
[10:12:06] STATUS: done=11 failed=0 alive=12/12 finished=0
[10:12:36] STATUS: done=11 failed=0 alive=12/12 finished=0
[10:13:06] STATUS: done=11 failed=0 alive=12/12 finished=0
[10:13:36] STATUS: done=11 failed=0 alive=12/12 finished=0
[10:14:06] STATUS: done=11 failed=0 alive=12/12 finished=0
[10:14:36] STATUS: done=11 failed=0 alive=12/12 finished=0
[10:15:06] STATUS: done=11 failed=0 alive=12/12 finished=0
[10:15:36] STATUS: done=11 failed=0 alive=12/12 finished=0
[10:16:06] STATUS: done=11 failed=0 alive=12/12 finished=0
[10:16:36] STATUS: done=11 failed=0 alive=12/12 finished=0
[10:17:06] STATUS: done=11 failed=0 alive=12/12 finished=0
[10:17:36] STATUS: done=11 failed=0 alive=12/12 finished=0
[10:17:45] worker1: OK america-for-sale-part-3.md in 1565s (36 pages cite it)
[10:17:48] worker1: claimed badlands-blitz-episode-10.md
[10:18:06] STATUS: done=12 failed=0 alive=12/12 finished=0
[10:18:28] worker4: OK badlands-blitz-episode-1.md in 417s (5 pages cite it)
[10:18:32] worker4: claimed badlands-blitz-episode-11.md
[10:18:36] STATUS: done=13 failed=0 alive=12/12 finished=0
[10:18:55] worker7: OK arabian-nights.md in 1367s (40 pages cite it)
[10:18:59] worker7: claimed badlands-blitz-episode-12.md
[10:19:06] STATUS: done=14 failed=0 alive=12/12 finished=0
[10:19:09] worker8: OK are-we-entering-the-millennial-reign.md in 910s (16 pages cite it)
[10:19:13] worker8: claimed badlands-blitz-episode-13.md
[10:19:36] STATUS: done=15 failed=0 alive=12/12 finished=0
[10:19:53] worker5: OK arizona-earthquake.md in 888s (21 pages cite it)
[10:19:56] worker5: claimed badlands-blitz-episode-14.md
[10:20:06] STATUS: done=16 failed=0 alive=12/12 finished=0
[10:20:36] STATUS: done=16 failed=0 alive=12/12 finished=0
[10:20:42] worker10: OK and-iran-iran-so-far-away.md in 1741s (37 pages cite it)
[10:20:44] worker10: claimed badlands-blitz-episode-15.md
[10:21:06] STATUS: done=17 failed=0 alive=12/12 finished=0
[10:21:36] STATUS: done=17 failed=0 alive=12/12 finished=0
[10:22:06] STATUS: done=17 failed=0 alive=12/12 finished=0
[10:22:20] worker2: OK artificial-intelligence.md in 868s (19 pages cite it)
[10:22:22] worker2: claimed badlands-blitz-episode-16.md
[10:22:36] STATUS: done=18 failed=0 alive=12/12 finished=0
[10:23:06] STATUS: done=19 failed=0 alive=12/12 finished=0
[10:23:07] worker0: OK avoiding-wwiii.md in 902s (20 pages cite it)
[10:23:10] worker0: claimed badlands-blitz-episode-17.md
[10:23:36] STATUS: done=19 failed=0 alive=12/12 finished=0
[10:24:06] STATUS: done=19 failed=0 alive=12/12 finished=0
[10:24:18] worker3: OK are-we-being-distracted.md in 1427s (15 pages cite it)
[10:24:21] worker3: claimed badlands-blitz-episode-18.md
[10:24:36] STATUS: done=20 failed=0 alive=12/12 finished=0
[10:25:06] STATUS: done=20 failed=0 alive=12/12 finished=0
[10:25:36] STATUS: done=20 failed=0 alive=12/12 finished=0
[10:26:06] STATUS: done=20 failed=0 alive=12/12 finished=0
[10:26:36] STATUS: done=20 failed=0 alive=12/12 finished=0
[10:27:06] STATUS: done=20 failed=0 alive=12/12 finished=0
[10:27:36] STATUS: done=20 failed=0 alive=12/12 finished=0
[10:28:03] worker7: OK badlands-blitz-episode-12.md in 543s (8 pages cite it)
[10:28:06] STATUS: done=21 failed=0 alive=12/12 finished=0
[10:28:06] worker7: claimed badlands-blitz-episode-19.md
[10:28:36] STATUS: done=21 failed=0 alive=12/12 finished=0
[10:29:06] STATUS: done=21 failed=0 alive=12/12 finished=0
[10:29:32] worker11: OK america-has-a-cia-run-economy.md in 2271s (28 pages cite it)
[10:29:34] worker11: claimed badlands-blitz-episode-2.md
[10:29:36] STATUS: done=22 failed=0 alive=12/12 finished=0
[10:30:06] STATUS: done=22 failed=0 alive=12/12 finished=0
[10:30:14] worker6: OK assad-day-in-damascus.md in 1341s (38 pages cite it)
[10:30:16] worker6: claimed badlands-blitz-episode-20.md
[10:30:36] STATUS: done=23 failed=0 alive=12/12 finished=0
[10:31:06] STATUS: done=23 failed=0 alive=12/12 finished=0
[10:31:36] STATUS: done=23 failed=0 alive=12/12 finished=0
[10:32:06] STATUS: done=23 failed=0 alive=12/12 finished=0
[10:32:36] STATUS: done=23 failed=0 alive=12/12 finished=0
[10:32:57] worker9: OK bad-actors.md in 1443s (23 pages cite it)
[10:32:59] worker9: claimed badlands-blitz-episode-21.md
[10:33:06] STATUS: done=24 failed=0 alive=12/12 finished=0
[10:33:36] STATUS: done=24 failed=0 alive=12/12 finished=0
[10:34:06] STATUS: done=24 failed=0 alive=12/12 finished=0
[10:34:36] STATUS: done=24 failed=0 alive=12/12 finished=0
[10:35:01] worker8: OK badlands-blitz-episode-13.md in 947s (6 pages cite it)
[10:35:03] worker8: claimed badlands-blitz-episode-22.md
[10:35:06] STATUS: done=25 failed=0 alive=12/12 finished=0
[10:35:36] STATUS: done=25 failed=0 alive=12/12 finished=0
[10:36:06] STATUS: done=25 failed=0 alive=12/12 finished=0
[10:36:36] STATUS: done=25 failed=0 alive=12/12 finished=0
[10:37:06] STATUS: done=25 failed=0 alive=12/12 finished=0
[10:37:19] worker8: OK badlands-blitz-episode-22.md in 134s (4 pages cite it)
[10:37:21] worker8: claimed badlands-blitz-episode-23.md
[10:37:36] STATUS: done=26 failed=0 alive=12/12 finished=0
[10:38:01] worker2: OK badlands-blitz-episode-16.md in 937s (3 pages cite it)
[10:38:04] worker2: claimed badlands-blitz-episode-24.md
[10:38:06] STATUS: done=27 failed=0 alive=12/12 finished=0
[10:38:30] worker6: OK badlands-blitz-episode-20.md in 493s (4 pages cite it)
[10:38:33] worker6: claimed badlands-blitz-episode-25.md
[10:38:36] STATUS: done=28 failed=0 alive=12/12 finished=0
[10:39:06] STATUS: done=28 failed=0 alive=12/12 finished=0
[10:39:36] STATUS: done=28 failed=0 alive=12/12 finished=0
[10:40:06] STATUS: done=28 failed=0 alive=12/12 finished=0
[10:40:36] STATUS: done=28 failed=0 alive=12/12 finished=0
[10:41:06] STATUS: done=28 failed=0 alive=12/12 finished=0
[10:41:36] STATUS: done=28 failed=0 alive=12/12 finished=0
[10:42:06] STATUS: done=28 failed=0 alive=12/12 finished=0
[10:42:22] worker7: OK badlands-blitz-episode-19.md in 853s (7 pages cite it)
[10:42:24] worker7: claimed badlands-blitz-episode-26.md
[10:42:37] STATUS: done=29 failed=0 alive=12/12 finished=0
[10:43:07] STATUS: done=29 failed=0 alive=12/12 finished=0
[10:43:37] STATUS: done=29 failed=0 alive=12/12 finished=0
[10:44:07] STATUS: done=29 failed=0 alive=12/12 finished=0
[10:44:37] STATUS: done=29 failed=0 alive=12/12 finished=0
[10:45:07] STATUS: done=29 failed=0 alive=12/12 finished=0
[10:45:24] worker8: OK badlands-blitz-episode-23.md in 482s (6 pages cite it)
[10:45:27] worker8: claimed badlands-blitz-episode-3.md
[10:45:37] STATUS: done=30 failed=0 alive=12/12 finished=0
[10:46:02] worker10: OK badlands-blitz-episode-15.md in 1517s (7 pages cite it)
[10:46:04] worker10: claimed badlands-blitz-episode-4.md
[10:46:07] STATUS: done=31 failed=0 alive=12/12 finished=0
[10:46:37] STATUS: done=31 failed=0 alive=12/12 finished=0
[10:47:07] STATUS: done=31 failed=0 alive=12/12 finished=0
[10:47:08] worker9: OK badlands-blitz-episode-21.md in 848s (6 pages cite it)
[10:47:11] worker9: claimed badlands-blitz-episode-5.md
[10:47:37] STATUS: done=32 failed=0 alive=12/12 finished=0
[10:47:38] worker11: OK badlands-blitz-episode-2.md in 1082s (6 pages cite it)
[10:47:41] worker11: claimed badlands-blitz-episode-6.md
[10:48:07] STATUS: done=33 failed=0 alive=12/12 finished=0
[10:48:37] STATUS: done=33 failed=0 alive=12/12 finished=0
[10:48:50] worker3: OK badlands-blitz-episode-18.md in 1467s (4 pages cite it)
[10:48:52] worker3: claimed badlands-blitz-episode-7.md
[10:49:07] STATUS: done=34 failed=0 alive=12/12 finished=0
[10:49:20] worker11: OK badlands-blitz-episode-6.md in 98s (4 pages cite it)
[10:49:22] worker11: claimed badlands-blitz-episode-8.md
[10:49:23] worker7: OK badlands-blitz-episode-26.md in 418s (3 pages cite it)
[10:49:25] worker7: claimed badlands-blitz-episode-9.md
[10:49:37] STATUS: done=36 failed=0 alive=12/12 finished=0
[10:50:07] STATUS: done=36 failed=0 alive=12/12 finished=0
[10:50:11] worker1: OK badlands-blitz-episode-10.md in 1942s (3 pages cite it)
[10:50:14] worker1: claimed badlands-brief-029.md
[10:50:16] worker0: OK badlands-blitz-episode-17.md in 1625s (6 pages cite it)
[10:50:18] worker0: claimed badlands-brief-02a.md
[10:50:37] STATUS: done=38 failed=0 alive=12/12 finished=0
[10:51:07] STATUS: done=38 failed=0 alive=12/12 finished=0
[10:51:07] worker9: OK badlands-blitz-episode-5.md in 235s (4 pages cite it)
[10:51:09] worker9: claimed badlands-brief-05f.md
[10:51:37] STATUS: done=39 failed=0 alive=12/12 finished=0
[10:52:07] STATUS: done=39 failed=0 alive=12/12 finished=0
[10:52:37] STATUS: done=39 failed=0 alive=12/12 finished=0
[10:53:07] STATUS: done=39 failed=0 alive=12/12 finished=0
[10:53:21] worker10: OK badlands-blitz-episode-4.md in 434s (7 pages cite it)
[10:53:23] worker10: claimed badlands-brief-07c.md
[10:53:37] STATUS: done=40 failed=0 alive=12/12 finished=0
[10:54:07] STATUS: done=40 failed=0 alive=12/12 finished=0
[10:54:37] STATUS: done=40 failed=0 alive=12/12 finished=0
[10:54:52] worker2: OK badlands-blitz-episode-24.md in 1004s (4 pages cite it)
[10:54:55] worker2: claimed badlands-brief-094.md
[10:55:07] STATUS: done=41 failed=0 alive=12/12 finished=0
[10:55:37] STATUS: done=41 failed=0 alive=12/12 finished=0
[10:56:07] STATUS: done=41 failed=0 alive=12/12 finished=0
[10:56:37] STATUS: done=41 failed=0 alive=12/12 finished=0
[10:57:07] STATUS: done=41 failed=0 alive=12/12 finished=0
[10:57:37] STATUS: done=41 failed=0 alive=12/12 finished=0
[10:58:07] STATUS: done=41 failed=0 alive=12/12 finished=0
[10:58:21] worker5: OK badlands-blitz-episode-14.md in 2301s (9 pages cite it)
[10:58:23] worker5: claimed badlands-brief-095.md
[10:58:32] worker4: TIMEOUT badlands-blitz-episode-11.md after 2400s
[10:58:37] STATUS: done=42 failed=1 alive=12/12 finished=0
[10:58:53] worker3: OK badlands-blitz-episode-7.md in 597s (10 pages cite it)
[10:58:55] worker3: claimed badlands-blitz-episode-11.md
[10:59:05] worker4: claimed badlands-brief-0a2.md
[10:59:07] STATUS: done=43 failed=1 alive=12/12 finished=0
[10:59:37] STATUS: done=43 failed=1 alive=12/12 finished=0
[11:00:07] STATUS: done=43 failed=1 alive=12/12 finished=0
[11:00:21] worker11: OK badlands-blitz-episode-8.md in 658s (4 pages cite it)
[11:00:24] worker11: claimed badlands-brief-0bd.md
[11:00:37] STATUS: done=44 failed=7 alive=12/12 finished=0
[11:00:37] worker7: FAIL badlands-blitz-episode-9.md in 671s rc=1 report=None cited=2 rate_limit=True backoff=30s
[11:00:37]   stderr: 
[11:00:37]   stdout tail: 
[11:00:38] worker8: FAIL badlands-blitz-episode-3.md in 910s rc=1 report=None cited=2 rate_limit=True backoff=30s
[11:00:38]   stderr: 
[11:00:38]   stdout tail: 
[11:00:38] worker6: FAIL badlands-blitz-episode-25.md in 1324s rc=1 report=None cited=4 rate_limit=True backoff=30s
[11:00:38]   stderr: 
[11:00:38]   stdout tail: 
[11:00:38] worker1: FAIL badlands-brief-029.md in 622s rc=1 report=None cited=24 rate_limit=True backoff=30s
[11:00:38]   stderr: 
[11:00:38]   stdout tail: 
[11:00:38] worker10: FAIL badlands-brief-07c.md in 434s rc=1 report=None cited=14 rate_limit=True backoff=30s
[11:00:38]   stderr: 
[11:00:38]   stdout tail: 
[11:00:38] worker0: FAIL badlands-brief-02a.md in 619s rc=1 report=None cited=23 rate_limit=True backoff=30s
[11:00:38]   stderr: 
[11:00:38]   stdout tail: 
[11:00:38] worker9: FAIL badlands-brief-05f.md in 567s rc=1 report=None cited=23 rate_limit=True backoff=30s
[11:00:38]   stderr: 
[11:00:38]   stdout tail: 
[11:00:38] worker2: FAIL badlands-brief-094.md in 342s rc=1 report=None cited=11 rate_limit=True backoff=30s
[11:00:38]   stderr: 
[11:00:38]   stdout tail: 
[11:00:38] worker5: FAIL badlands-brief-095.md in 134s rc=1 report=None cited=0 rate_limit=True backoff=30s
[11:00:38]   stderr: 
[11:00:38]   stdout tail: 
[11:00:39] worker11: FAIL badlands-brief-0bd.md in 14s rc=1 report=None cited=0 rate_limit=True backoff=30s
[11:00:39]   stderr: 
[11:00:39]   stdout tail: 
[11:00:39] worker3: FAIL badlands-blitz-episode-11.md in 102s rc=1 report=None cited=8 rate_limit=True backoff=30s
[11:00:39]   stderr: 
[11:00:39]   stdout tail: 
[11:00:39] worker4: FAIL badlands-brief-0a2.md in 93s rc=1 report=None cited=0 rate_limit=True backoff=30s
[11:00:39]   stderr: 
[11:00:39]   stdout tail: 
